                                                                        Cells by Master                                                                         
┏━━━━━━━━━━━━━━━━━━━━━━━━━━━━━━━━━━━━━━━━━━━━━━━━━━━━━━━━━━━━━━━━━━━━━━━━━━━━━━━━━━━━━━━━━━━━━━━━━━━━━━━━━━━━━━━━━━━━━━━━━━━━━━━━━━┳━━━━━━━━━━━━━━━━━━━━━━━━━━━┓
┃ Cell                                                                                                                             ┃ Count                     ┃
┡━━━━━━━━━━━━━━━━━━━━━━━━━━━━━━━━━━━━━━━━━━━━━━━━━━━━━━━━━━━━━━━━━━━━━━━━━━━━━━━━━━━━━━━━━━━━━━━━━━━━━━━━━━━━━━━━━━━━━━━━━━━━━━━━━━╇━━━━━━━━━━━━━━━━━━━━━━━━━━━┩
│ sky130_ef_sc_hd__decap_12                                                                                                        │ 2433                      │
│ sky130_fd_sc_hd__a2111o_1                                                                                                        │ 8                         │
│ sky130_fd_sc_hd__a211o_1                                                                                                         │ 4                         │
│ sky130_fd_sc_hd__a21boi_1                                                                                                        │ 1                         │
│ sky130_fd_sc_hd__a21o_1                                                                                                          │ 100                       │
│ sky130_fd_sc_hd__a221o_1                                                                                                         │ 742                       │
│ sky130_fd_sc_hd__a221o_2                                                                                                         │ 12                        │
│ sky130_fd_sc_hd__a221o_4                                                                                                         │ 3                         │
│ sky130_fd_sc_hd__a22o_1                                                                                                          │ 1253                      │
│ sky130_fd_sc_hd__a31o_1                                                                                                          │ 8                         │
│ sky130_fd_sc_hd__a31oi_2                                                                                                         │ 1                         │
│ sky130_fd_sc_hd__and2_1                                                                                                          │ 69                        │
│ sky130_fd_sc_hd__and2_2                                                                                                          │ 8                         │
│ sky130_fd_sc_hd__and2_4                                                                                                          │ 5                         │
│ sky130_fd_sc_hd__and2b_1                                                                                                         │ 72                        │
│ sky130_fd_sc_hd__and2b_2                                                                                                         │ 1                         │
│ sky130_fd_sc_hd__and2b_4                                                                                                         │ 2                         │
│ sky130_fd_sc_hd__and3_1                                                                                                          │ 25                        │
│ sky130_fd_sc_hd__and3_4                                                                                                          │ 1                         │
│ sky130_fd_sc_hd__and3b_1                                                                                                         │ 1                         │
│ sky130_fd_sc_hd__and3b_4                                                                                                         │ 1                         │
│ sky130_fd_sc_hd__buf_1                                                                                                           │ 92                        │
│ sky130_fd_sc_hd__buf_12                                                                                                          │ 7                         │
│ sky130_fd_sc_hd__buf_2                                                                                                           │ 229                       │
│ sky130_fd_sc_hd__buf_4                                                                                                           │ 308                       │
│ sky130_fd_sc_hd__buf_6                                                                                                           │ 30                        │
│ sky130_fd_sc_hd__buf_8                                                                                                           │ 7                         │
│ sky130_fd_sc_hd__bufinv_16                                                                                                       │ 29                        │
│ sky130_fd_sc_hd__clkbuf_1                                                                                                        │ 140                       │
│ sky130_fd_sc_hd__clkbuf_16                                                                                                       │ 33                        │
│ sky130_fd_sc_hd__clkbuf_2                                                                                                        │ 301                       │
│ sky130_fd_sc_hd__clkbuf_4                                                                                                        │ 402                       │
│ sky130_fd_sc_hd__clkbuf_8                                                                                                        │ 412                       │
│ sky130_fd_sc_hd__clkinv_2                                                                                                        │ 23                        │
│ sky130_fd_sc_hd__clkinv_4                                                                                                        │ 24                        │
│ sky130_fd_sc_hd__clkinv_8                                                                                                        │ 11                        │
│ sky130_fd_sc_hd__clkinvlp_4                                                                                                      │ 31                        │
│ sky130_fd_sc_hd__decap_3                                                                                                         │ 1804                      │
│ sky130_fd_sc_hd__decap_4                                                                                                         │ 1782                      │
│ sky130_fd_sc_hd__decap_6                                                                                                         │ 1220                      │
│ sky130_fd_sc_hd__decap_8                                                                                                         │ 1087                      │
│ sky130_fd_sc_hd__dfrtp_1                                                                                                         │ 4                         │
│ sky130_fd_sc_hd__dfrtp_4                                                                                                         │ 1                         │
│ sky130_fd_sc_hd__dfstp_1                                                                                                         │ 1                         │
│ sky130_fd_sc_hd__dfxtp_1                                                                                                         │ 3102                      │
│ sky130_fd_sc_hd__dfxtp_2                                                                                                         │ 9                         │
│ sky130_fd_sc_hd__diode_2                                                                                                         │ 93                        │
│ sky130_fd_sc_hd__dlygate4sd1_1                                                                                                   │ 4                         │
│ sky130_fd_sc_hd__dlygate4sd3_1                                                                                                   │ 2933                      │
│ sky130_fd_sc_hd__dlymetal6s2s_1                                                                                                  │ 57                        │
│ sky130_fd_sc_hd__fill_1                                                                                                          │ 3292                      │
│ sky130_fd_sc_hd__fill_2                                                                                                          │ 1546                      │
│ sky130_fd_sc_hd__inv_12                                                                                                          │ 4                         │
│ sky130_fd_sc_hd__inv_16                                                                                                          │ 1                         │
│ sky130_fd_sc_hd__inv_2                                                                                                           │ 19                        │
│ sky130_fd_sc_hd__inv_6                                                                                                           │ 51                        │
│ sky130_fd_sc_hd__inv_8                                                                                                           │ 30                        │
│ sky130_fd_sc_hd__mux2_1                                                                                                          │ 2962                      │
│ sky130_fd_sc_hd__nand2_1                                                                                                         │ 16                        │
│ sky130_fd_sc_hd__nand2_2                                                                                                         │ 7                         │
│ sky130_fd_sc_hd__nand2_8                                                                                                         │ 1                         │
│ sky130_fd_sc_hd__nand2b_1                                                                                                        │ 20                        │
│ sky130_fd_sc_hd__nand2b_2                                                                                                        │ 2                         │
│ sky130_fd_sc_hd__nand2b_4                                                                                                        │ 4                         │
│ sky130_fd_sc_hd__nor2_1                                                                                                          │ 20                        │
│ sky130_fd_sc_hd__nor2_2                                                                                                          │ 1                         │
│ sky130_fd_sc_hd__nor2_4                                                                                                          │ 1                         │
│ sky130_fd_sc_hd__nor4_1                                                                                                          │ 2                         │
│ sky130_fd_sc_hd__nor4_2                                                                                                          │ 1                         │
│ sky130_fd_sc_hd__nor4_4                                                                                                          │ 1                         │
│ sky130_fd_sc_hd__o21a_1                                                                                                          │ 64                        │
│ sky130_fd_sc_hd__o21ai_1                                                                                                         │ 3                         │
│ sky130_fd_sc_hd__o31a_1                                                                                                          │ 4                         │
│ sky130_fd_sc_hd__o31ai_2                                                                                                         │ 1                         │
│ sky130_fd_sc_hd__o41a_1                                                                                                          │ 1                         │
│ sky130_fd_sc_hd__or2_1                                                                                                           │ 194                       │
│ sky130_fd_sc_hd__or2_2                                                                                                           │ 17                        │
│ sky130_fd_sc_hd__or2_4                                                                                                           │ 1                         │
│ sky130_fd_sc_hd__or3_1                                                                                                           │ 25                        │
│ sky130_fd_sc_hd__or3b_1                                                                                                          │ 2                         │
│ sky130_fd_sc_hd__or4_1                                                                                                           │ 48                        │
│ sky130_fd_sc_hd__or4_4                                                                                                           │ 7                         │
│ sky130_fd_sc_hd__or4b_1                                                                                                          │ 11                        │
│ sky130_fd_sc_hd__or4b_4                                                                                                          │ 3                         │
│ sky130_fd_sc_hd__tapvpwrvgnd_1                                                                                                   │ 3553                      │
│ sky130_fd_sc_hd__xnor2_1                                                                                                         │ 1                         │
│ sky130_fd_sc_hd__xor2_1                                                                                                          │ 14                        │
│ sky130_fd_sc_hd__xor2_2                                                                                                          │ 3                         │
└──────────────────────────────────────────────────────────────────────────────────────────────────────────────────────────────────┴───────────────────────────┘
