
===========================================================================
 report_power
============================================================================
======================= max_tt_025C_1v80 Corner ===================================

Group                    Internal    Switching      Leakage        Total
                            Power        Power        Power        Power (Watts)
------------------------------------------------------------------------
Sequential           1.240189e-02 0.000000e+00 2.512382e-08 1.240191e-02  54.1%
Combinational        1.606103e-04 5.734957e-04 5.862301e-08 7.341647e-04   3.2%
Clock                4.586873e-03 5.180652e-03 2.295060e-08 9.767548e-03  42.6%
Macro                0.000000e+00 0.000000e+00 0.000000e+00 0.000000e+00   0.0%
Pad                  0.000000e+00 0.000000e+00 0.000000e+00 0.000000e+00   0.0%
------------------------------------------------------------------------
Total                1.714937e-02 5.754152e-03 1.066891e-07 2.290363e-02 100.0%
                            74.9%        25.1%         0.0%

