
===========================================================================
Violator List
============================================================================
[setup in-reg] cpu_addr[3] -> _11478_/D : -7.815711
[setup in-reg] cpu_addr[3] -> _11496_/D : -7.815711
[setup in-reg] cpu_addr[3] -> _12196_/D : -7.815711
[setup in-reg] cpu_addr[3] -> _12200_/D : -7.815711
[setup in-reg] cpu_addr[3] -> _12201_/D : -7.815711
[setup in-reg] cpu_addr[3] -> _12202_/D : -7.815711
[setup in-reg] cpu_addr[3] -> _12204_/D : -7.815711
[setup in-reg] cpu_addr[3] -> _12206_/D : -7.815711
[setup in-reg] cpu_addr[3] -> _12208_/D : -7.815711
[setup in-reg] cpu_addr[3] -> _12211_/D : -7.815711
[setup in-reg] cpu_addr[3] -> _12212_/D : -7.815711
[setup in-reg] cpu_addr[3] -> _12216_/D : -7.815711
[setup in-reg] cpu_addr[3] -> _12217_/D : -7.815711
[setup in-reg] cpu_addr[3] -> _12218_/D : -7.815711
[setup in-reg] cpu_addr[3] -> _12222_/D : -7.815711
[setup in-reg] cpu_addr[3] -> _12223_/D : -7.815711
[setup in-reg] cpu_addr[3] -> _12224_/D : -7.815711
[setup in-reg] cpu_addr[3] -> _12228_/D : -7.815711
[setup in-reg] cpu_addr[3] -> _12232_/D : -7.815711
[setup in-reg] cpu_addr[3] -> _12233_/D : -7.815711
[setup in-reg] cpu_addr[3] -> _12234_/D : -7.815711
[setup in-reg] cpu_addr[3] -> _12236_/D : -7.815711
[setup in-reg] cpu_addr[3] -> _12238_/D : -7.815711
[setup in-reg] cpu_addr[3] -> _12240_/D : -7.815711
[setup in-reg] cpu_addr[3] -> _12318_/D : -7.815711
[setup in-reg] cpu_addr[3] -> _12319_/D : -7.815711
[setup in-reg] cpu_addr[3] -> _12323_/D : -7.815711
[setup in-reg] cpu_addr[3] -> _12324_/D : -7.815711
[setup in-reg] cpu_addr[3] -> _12325_/D : -7.815711
[setup in-reg] cpu_addr[3] -> _12329_/D : -7.815711
[setup in-reg] cpu_addr[3] -> _12330_/D : -7.815711
[setup in-reg] cpu_addr[3] -> _12331_/D : -7.815711
[setup in-reg] cpu_addr[3] -> _12335_/D : -7.815711
[setup in-reg] cpu_addr[3] -> _12339_/D : -7.815711
[setup in-reg] cpu_addr[3] -> _12340_/D : -7.815711
[setup in-reg] cpu_addr[3] -> _12341_/D : -7.815711
[setup in-reg] cpu_addr[3] -> _12343_/D : -7.815711
[setup in-reg] cpu_addr[3] -> _12345_/D : -7.815711
[setup in-reg] cpu_addr[3] -> _12347_/D : -7.815711
[setup in-reg] cpu_addr[3] -> _12350_/D : -7.815711
[setup in-reg] cpu_addr[3] -> _12351_/D : -7.815711
[setup in-reg] cpu_addr[3] -> _12355_/D : -7.815711
[setup in-reg] cpu_addr[3] -> _12356_/D : -7.815711
[setup in-reg] cpu_addr[3] -> _12357_/D : -7.815711
[setup in-reg] cpu_addr[3] -> _12361_/D : -7.815711
[setup in-reg] cpu_addr[3] -> _12362_/D : -7.815711
[setup in-reg] cpu_addr[3] -> _12363_/D : -7.815711
[setup in-reg] cpu_addr[3] -> _12367_/D : -7.815711
[setup in-reg] cpu_addr[3] -> _12371_/D : -7.815711
[setup in-reg] cpu_addr[3] -> _12372_/D : -7.815711
[setup in-reg] cpu_addr[3] -> _12373_/D : -7.815711
[setup in-reg] cpu_addr[3] -> _12375_/D : -7.815711
[setup in-reg] cpu_addr[3] -> _12377_/D : -7.815711
[setup in-reg] cpu_addr[3] -> _12379_/D : -7.815711
[setup in-reg] cpu_addr[3] -> _13163_/D : -7.815711
[setup in-reg] cpu_addr[3] -> _13164_/D : -7.815711
[setup in-reg] cpu_addr[3] -> _13168_/D : -7.815711
[setup in-reg] cpu_addr[3] -> _13169_/D : -7.815711
[setup in-reg] cpu_addr[3] -> _13170_/D : -7.815711
[setup in-reg] cpu_addr[3] -> _13174_/D : -7.815711
[setup in-reg] cpu_addr[3] -> _13175_/D : -7.815711
[setup in-reg] cpu_addr[3] -> _13176_/D : -7.815711
[setup in-reg] cpu_addr[3] -> _13180_/D : -7.815711
[setup in-reg] cpu_addr[3] -> _13184_/D : -7.815711
[setup in-reg] cpu_addr[3] -> _13185_/D : -7.815711
[setup in-reg] cpu_addr[3] -> _13186_/D : -7.815711
[setup in-reg] cpu_addr[3] -> _13188_/D : -7.815711
[setup in-reg] cpu_addr[3] -> _13190_/D : -7.815711
[setup in-reg] cpu_addr[3] -> _13192_/D : -7.815711
[setup in-reg] cpu_addr[3] -> _13195_/D : -7.815711
[setup in-reg] cpu_addr[3] -> _13196_/D : -7.815711
[setup in-reg] cpu_addr[3] -> _13200_/D : -7.815711
[setup in-reg] cpu_addr[3] -> _13201_/D : -7.815711
[setup in-reg] cpu_addr[3] -> _13202_/D : -7.815711
[setup in-reg] cpu_addr[3] -> _13206_/D : -7.815711
[setup in-reg] cpu_addr[3] -> _13207_/D : -7.815711
[setup in-reg] cpu_addr[3] -> _13208_/D : -7.815711
[setup in-reg] cpu_addr[3] -> _13212_/D : -7.815711
[setup in-reg] cpu_addr[3] -> _13216_/D : -7.815711
[setup in-reg] cpu_addr[3] -> _13217_/D : -7.815711
[setup in-reg] cpu_addr[3] -> _13218_/D : -7.815711
[setup in-reg] cpu_addr[3] -> _13220_/D : -7.815711
[setup in-reg] cpu_addr[3] -> _13222_/D : -7.815711
[setup in-reg] cpu_addr[3] -> _13224_/D : -7.815711
[setup in-reg] cpu_addr[3] -> _13495_/D : -7.815711
[setup in-reg] cpu_addr[3] -> _14497_/D : -7.815711
[setup in-reg] cpu_addr[3] -> _12193_/D : -7.814032
[setup in-reg] cpu_addr[3] -> _12194_/D : -7.814032
[setup in-reg] cpu_addr[3] -> _12195_/D : -7.814032
[setup in-reg] cpu_addr[3] -> _12197_/D : -7.814032
[setup in-reg] cpu_addr[3] -> _12198_/D : -7.814032
[setup in-reg] cpu_addr[3] -> _12199_/D : -7.814032
[setup in-reg] cpu_addr[3] -> _12203_/D : -7.814032
[setup in-reg] cpu_addr[3] -> _12205_/D : -7.814032
[setup in-reg] cpu_addr[3] -> _12207_/D : -7.814032
[setup in-reg] cpu_addr[3] -> _12209_/D : -7.814032
[setup in-reg] cpu_addr[3] -> _12210_/D : -7.814032
[setup in-reg] cpu_addr[3] -> _12213_/D : -7.814032
[setup in-reg] cpu_addr[3] -> _12214_/D : -7.814032
[setup in-reg] cpu_addr[3] -> _12215_/D : -7.814032
[setup in-reg] cpu_addr[3] -> _12219_/D : -7.814032
[setup in-reg] cpu_addr[3] -> _12220_/D : -7.814032
[setup in-reg] cpu_addr[3] -> _12221_/D : -7.814032
[setup in-reg] cpu_addr[3] -> _12225_/D : -7.814032
[setup in-reg] cpu_addr[3] -> _12226_/D : -7.814032
[setup in-reg] cpu_addr[3] -> _12227_/D : -7.814032
[setup in-reg] cpu_addr[3] -> _12229_/D : -7.814032
[setup in-reg] cpu_addr[3] -> _12230_/D : -7.814032
[setup in-reg] cpu_addr[3] -> _12231_/D : -7.814032
[setup in-reg] cpu_addr[3] -> _12235_/D : -7.814032
[setup in-reg] cpu_addr[3] -> _12237_/D : -7.814032
[setup in-reg] cpu_addr[3] -> _12239_/D : -7.814032
[setup in-reg] cpu_addr[3] -> _12241_/D : -7.814032
[setup in-reg] cpu_addr[3] -> _12242_/D : -7.814032
[setup in-reg] cpu_addr[3] -> _12320_/D : -7.814032
[setup in-reg] cpu_addr[3] -> _12321_/D : -7.814032
[setup in-reg] cpu_addr[3] -> _12322_/D : -7.814032
[setup in-reg] cpu_addr[3] -> _12326_/D : -7.814032
[setup in-reg] cpu_addr[3] -> _12327_/D : -7.814032
[setup in-reg] cpu_addr[3] -> _12328_/D : -7.814032
[setup in-reg] cpu_addr[3] -> _12332_/D : -7.814032
[setup in-reg] cpu_addr[3] -> _12333_/D : -7.814032
[setup in-reg] cpu_addr[3] -> _12334_/D : -7.814032
[setup in-reg] cpu_addr[3] -> _12336_/D : -7.814032
[setup in-reg] cpu_addr[3] -> _12337_/D : -7.814032
[setup in-reg] cpu_addr[3] -> _12338_/D : -7.814032
[setup in-reg] cpu_addr[3] -> _12342_/D : -7.814032
[setup in-reg] cpu_addr[3] -> _12344_/D : -7.814032
[setup in-reg] cpu_addr[3] -> _12346_/D : -7.814032
[setup in-reg] cpu_addr[3] -> _12348_/D : -7.814032
[setup in-reg] cpu_addr[3] -> _12349_/D : -7.814032
[setup in-reg] cpu_addr[3] -> _12352_/D : -7.814032
[setup in-reg] cpu_addr[3] -> _12353_/D : -7.814032
[setup in-reg] cpu_addr[3] -> _12354_/D : -7.814032
[setup in-reg] cpu_addr[3] -> _12358_/D : -7.814032
[setup in-reg] cpu_addr[3] -> _12359_/D : -7.814032
[setup in-reg] cpu_addr[3] -> _12360_/D : -7.814032
[setup in-reg] cpu_addr[3] -> _12364_/D : -7.814032
[setup in-reg] cpu_addr[3] -> _12365_/D : -7.814032
[setup in-reg] cpu_addr[3] -> _12366_/D : -7.814032
[setup in-reg] cpu_addr[3] -> _12368_/D : -7.814032
[setup in-reg] cpu_addr[3] -> _12369_/D : -7.814032
[setup in-reg] cpu_addr[3] -> _12370_/D : -7.814032
[setup in-reg] cpu_addr[3] -> _12374_/D : -7.814032
[setup in-reg] cpu_addr[3] -> _12376_/D : -7.814032
[setup in-reg] cpu_addr[3] -> _12378_/D : -7.814032
[setup in-reg] cpu_addr[3] -> _12380_/D : -7.814032
[setup in-reg] cpu_addr[3] -> _12381_/D : -7.814032
[setup in-reg] cpu_addr[3] -> _13165_/D : -7.814032
[setup in-reg] cpu_addr[3] -> _13166_/D : -7.814032
[setup in-reg] cpu_addr[3] -> _13167_/D : -7.814032
[setup in-reg] cpu_addr[3] -> _13171_/D : -7.814032
[setup in-reg] cpu_addr[3] -> _13172_/D : -7.814032
[setup in-reg] cpu_addr[3] -> _13173_/D : -7.814032
[setup in-reg] cpu_addr[3] -> _13177_/D : -7.814032
[setup in-reg] cpu_addr[3] -> _13178_/D : -7.814032
[setup in-reg] cpu_addr[3] -> _13179_/D : -7.814032
[setup in-reg] cpu_addr[3] -> _13181_/D : -7.814032
[setup in-reg] cpu_addr[3] -> _13182_/D : -7.814032
[setup in-reg] cpu_addr[3] -> _13183_/D : -7.814032
[setup in-reg] cpu_addr[3] -> _13187_/D : -7.814032
[setup in-reg] cpu_addr[3] -> _13189_/D : -7.814032
[setup in-reg] cpu_addr[3] -> _13191_/D : -7.814032
[setup in-reg] cpu_addr[3] -> _13193_/D : -7.814032
[setup in-reg] cpu_addr[3] -> _13194_/D : -7.814032
[setup in-reg] cpu_addr[3] -> _13197_/D : -7.814032
[setup in-reg] cpu_addr[3] -> _13198_/D : -7.814032
[setup in-reg] cpu_addr[3] -> _13199_/D : -7.814032
[setup in-reg] cpu_addr[3] -> _13203_/D : -7.814032
[setup in-reg] cpu_addr[3] -> _13204_/D : -7.814032
[setup in-reg] cpu_addr[3] -> _13205_/D : -7.814032
[setup in-reg] cpu_addr[3] -> _13209_/D : -7.814032
[setup in-reg] cpu_addr[3] -> _13210_/D : -7.814032
[setup in-reg] cpu_addr[3] -> _13211_/D : -7.814032
[setup in-reg] cpu_addr[3] -> _13213_/D : -7.814032
[setup in-reg] cpu_addr[3] -> _13214_/D : -7.814032
[setup in-reg] cpu_addr[3] -> _13215_/D : -7.814032
[setup in-reg] cpu_addr[3] -> _13219_/D : -7.814032
[setup in-reg] cpu_addr[3] -> _13221_/D : -7.814032
[setup in-reg] cpu_addr[3] -> _13223_/D : -7.814032
[setup in-reg] cpu_addr[3] -> _13225_/D : -7.814032
[setup in-reg] cpu_addr[3] -> _13226_/D : -7.814032
[setup in-reg] cpu_addr[3] -> _14499_/D : -7.814032
[setup in-reg] cpu_addr[3] -> _12518_/D : -0.832797
[setup in-reg] cpu_addr[3] -> _12519_/D : -0.832797
[setup in-reg] cpu_addr[3] -> _12520_/D : -0.832797
[setup in-reg] cpu_addr[3] -> _12521_/D : -0.832797
[setup in-reg] cpu_addr[3] -> _12522_/D : -0.832797
[setup in-reg] cpu_addr[3] -> _12523_/D : -0.832797
[setup in-reg] cpu_addr[3] -> _12524_/D : -0.832797
[setup in-reg] cpu_addr[3] -> _12525_/D : -0.832797
[setup in-reg] cpu_addr[3] -> _12526_/D : -0.832797
[setup in-reg] cpu_addr[3] -> _12527_/D : -0.832797
[setup in-reg] cpu_addr[3] -> _12528_/D : -0.832797
[setup in-reg] cpu_addr[3] -> _12529_/D : -0.832797
[setup in-reg] cpu_addr[3] -> _12530_/D : -0.832797
[setup in-reg] cpu_addr[3] -> _12531_/D : -0.832797
[setup in-reg] cpu_addr[3] -> _12532_/D : -0.832797
[setup in-reg] cpu_addr[3] -> _12533_/D : -0.832797
[setup in-reg] cpu_addr[3] -> _12534_/D : -0.832797
[setup in-reg] cpu_addr[3] -> _12535_/D : -0.832797
[setup in-reg] cpu_addr[3] -> _12536_/D : -0.832797
[setup in-reg] cpu_addr[3] -> _12537_/D : -0.832797
[setup in-reg] cpu_addr[3] -> _12538_/D : -0.832797
[setup in-reg] cpu_addr[3] -> _12539_/D : -0.832797
[setup in-reg] cpu_addr[3] -> _12540_/D : -0.832797
[setup in-reg] cpu_addr[3] -> _12541_/D : -0.832797
[setup in-reg] cpu_addr[3] -> _12542_/D : -0.832797
[setup in-reg] cpu_addr[3] -> _13499_/D : -0.832797
[setup in-reg] cpu_addr[3] -> _14280_/D : -0.832797
[setup in-reg] cpu_addr[3] -> _14281_/D : -0.832797
[setup in-reg] cpu_addr[3] -> _14282_/D : -0.832797
[setup in-reg] cpu_addr[3] -> _14283_/D : -0.832797
[setup in-reg] cpu_addr[3] -> _14284_/D : -0.832797
[setup in-reg] cpu_addr[3] -> _14285_/D : -0.832797
[setup in-reg] cpu_addr[3] -> _14286_/D : -0.832797
[setup in-reg] cpu_addr[3] -> _14287_/D : -0.832797
[setup in-reg] cpu_addr[3] -> _14288_/D : -0.832797
[setup in-reg] cpu_addr[3] -> _14289_/D : -0.832797
[setup in-reg] cpu_addr[3] -> _14290_/D : -0.832797
[setup in-reg] cpu_addr[3] -> _14291_/D : -0.832797
[setup in-reg] cpu_addr[3] -> _14292_/D : -0.832797
[setup in-reg] cpu_addr[3] -> _14293_/D : -0.832797
[setup in-reg] cpu_addr[3] -> _14294_/D : -0.832797
[setup in-reg] cpu_addr[3] -> _14295_/D : -0.832797
[setup in-reg] cpu_addr[3] -> _14296_/D : -0.832797
[setup in-reg] cpu_addr[3] -> _14297_/D : -0.832797
[setup in-reg] cpu_addr[3] -> _14298_/D : -0.832797
[setup in-reg] cpu_addr[3] -> _14299_/D : -0.832797
[setup in-reg] cpu_addr[3] -> _14300_/D : -0.832797
[setup in-reg] cpu_addr[3] -> _14301_/D : -0.832797
[setup in-reg] cpu_addr[3] -> _14302_/D : -0.832797
[setup in-reg] cpu_addr[3] -> _14303_/D : -0.832797
[setup in-reg] cpu_addr[3] -> _14304_/D : -0.832797
[setup in-reg] cpu_addr[3] -> _14305_/D : -0.832797
[setup in-reg] cpu_addr[3] -> _14306_/D : -0.832797
[setup in-reg] cpu_addr[3] -> _14307_/D : -0.832797
[setup in-reg] cpu_addr[3] -> _14308_/D : -0.832797
[setup in-reg] cpu_addr[3] -> _14309_/D : -0.832797
[setup in-reg] cpu_addr[3] -> _14310_/D : -0.832797
[setup in-reg] cpu_addr[3] -> _14311_/D : -0.832797
[setup in-reg] cpu_addr[3] -> _14312_/D : -0.832797
[setup in-reg] cpu_addr[3] -> _14313_/D : -0.832797
[setup in-reg] cpu_addr[3] -> _14314_/D : -0.832797
[setup in-reg] cpu_addr[3] -> _14315_/D : -0.832797
[setup in-reg] cpu_addr[3] -> _14316_/D : -0.832797
[setup in-reg] cpu_addr[3] -> _14317_/D : -0.832797
[setup in-reg] cpu_addr[3] -> _14318_/D : -0.832797
[setup in-reg] cpu_addr[3] -> _14319_/D : -0.832797
[setup in-reg] cpu_addr[3] -> _14320_/D : -0.832797
[setup in-reg] cpu_addr[3] -> _14321_/D : -0.832797
[setup in-reg] cpu_addr[3] -> _14322_/D : -0.832797
[setup in-reg] cpu_addr[3] -> _14323_/D : -0.832797
[setup in-reg] cpu_addr[3] -> _14324_/D : -0.832797
[setup in-reg] cpu_addr[3] -> _14325_/D : -0.832797
[setup in-reg] cpu_addr[3] -> _14326_/D : -0.832797
[setup in-reg] cpu_addr[3] -> _14327_/D : -0.832797
[setup in-reg] cpu_addr[3] -> _14328_/D : -0.832797
[setup in-reg] cpu_addr[3] -> _14329_/D : -0.832797
[setup in-reg] cpu_addr[3] -> _14330_/D : -0.832797
[setup in-reg] cpu_addr[3] -> _14331_/D : -0.832797
[setup in-reg] cpu_addr[3] -> _14332_/D : -0.832797
[setup in-reg] cpu_addr[3] -> _14333_/D : -0.832797
[setup in-reg] cpu_addr[3] -> _14334_/D : -0.832797
[setup in-reg] cpu_addr[3] -> _14335_/D : -0.832797
[setup in-reg] cpu_addr[3] -> _14336_/D : -0.832797
[setup in-reg] cpu_addr[3] -> _14337_/D : -0.832797
[setup in-reg] cpu_addr[3] -> _14338_/D : -0.832797
[setup in-reg] cpu_addr[3] -> _14339_/D : -0.832797
[setup in-reg] cpu_addr[3] -> _14340_/D : -0.832797
[setup in-reg] cpu_addr[3] -> _14341_/D : -0.832797
[setup in-reg] cpu_addr[3] -> _14342_/D : -0.832797
[setup in-reg] cpu_addr[3] -> _14343_/D : -0.832797
[setup in-reg] cpu_addr[3] -> _11386_/D : -0.786252
[setup in-reg] cpu_addr[3] -> _11387_/D : -0.786252
[setup in-reg] cpu_addr[3] -> _11388_/D : -0.786252
[setup in-reg] cpu_addr[3] -> _11389_/D : -0.786252
[setup in-reg] cpu_addr[3] -> _11390_/D : -0.786252
[setup in-reg] cpu_addr[3] -> _11391_/D : -0.786252
[setup in-reg] cpu_addr[3] -> _11392_/D : -0.786252
[setup in-reg] cpu_addr[3] -> _11393_/D : -0.786252
[setup in-reg] cpu_addr[3] -> _11394_/D : -0.786252
[setup in-reg] cpu_addr[3] -> _11395_/D : -0.786252
[setup in-reg] cpu_addr[3] -> _11396_/D : -0.786252
[setup in-reg] cpu_addr[3] -> _11397_/D : -0.786252
[setup in-reg] cpu_addr[3] -> _11398_/D : -0.786252
[setup in-reg] cpu_addr[3] -> _11399_/D : -0.786252
[setup in-reg] cpu_addr[3] -> _11400_/D : -0.786252
[setup in-reg] cpu_addr[3] -> _11401_/D : -0.786252
[setup in-reg] cpu_addr[3] -> _11402_/D : -0.786252
[setup in-reg] cpu_addr[3] -> _11403_/D : -0.786252
[setup in-reg] cpu_addr[3] -> _11404_/D : -0.786252
[setup in-reg] cpu_addr[3] -> _11405_/D : -0.786252
[setup in-reg] cpu_addr[3] -> _11406_/D : -0.786252
[setup in-reg] cpu_addr[3] -> _11407_/D : -0.786252
[setup in-reg] cpu_addr[3] -> _11408_/D : -0.786252
[setup in-reg] cpu_addr[3] -> _11409_/D : -0.786252
[setup in-reg] cpu_addr[3] -> _11410_/D : -0.786252
[setup in-reg] cpu_addr[3] -> _13567_/D : -0.786252
[setup in-reg] cpu_addr[3] -> _14416_/D : -0.786252
[setup in-reg] cpu_addr[3] -> _14417_/D : -0.786252
[setup in-reg] cpu_addr[3] -> _14418_/D : -0.786252
[setup in-reg] cpu_addr[3] -> _14419_/D : -0.786252
[setup in-reg] cpu_addr[3] -> _14420_/D : -0.786252
[setup in-reg] cpu_addr[3] -> _14421_/D : -0.786252
[setup in-reg] cpu_addr[3] -> _14422_/D : -0.786252
[setup in-reg] cpu_addr[3] -> _14423_/D : -0.786252
[setup in-reg] cpu_addr[3] -> _14424_/D : -0.786252
[setup in-reg] cpu_addr[3] -> _14425_/D : -0.786252
[setup in-reg] cpu_addr[3] -> _14426_/D : -0.786252
[setup in-reg] cpu_addr[3] -> _14427_/D : -0.786252
[setup in-reg] cpu_addr[3] -> _14428_/D : -0.786252
[setup in-reg] cpu_addr[3] -> _14429_/D : -0.786252
[setup in-reg] cpu_addr[3] -> _14430_/D : -0.786252
[setup in-reg] cpu_addr[3] -> _14431_/D : -0.786252
[setup in-reg] cpu_addr[3] -> _14432_/D : -0.786252
[setup in-reg] cpu_addr[3] -> _14433_/D : -0.786252
[setup in-reg] cpu_addr[3] -> _14434_/D : -0.786252
[setup in-reg] cpu_addr[3] -> _14435_/D : -0.786252
[setup in-reg] cpu_addr[3] -> _14436_/D : -0.786252
[setup in-reg] cpu_addr[3] -> _14437_/D : -0.786252
[setup in-reg] cpu_addr[3] -> _14438_/D : -0.786252
[setup in-reg] cpu_addr[3] -> _14439_/D : -0.786252
[setup in-reg] cpu_addr[3] -> _14440_/D : -0.786252
[setup in-reg] cpu_addr[3] -> _14441_/D : -0.786252
[setup in-reg] cpu_addr[3] -> _14442_/D : -0.786252
[setup in-reg] cpu_addr[3] -> _14443_/D : -0.786252
[setup in-reg] cpu_addr[3] -> _14444_/D : -0.786252
[setup in-reg] cpu_addr[3] -> _14445_/D : -0.786252
[setup in-reg] cpu_addr[3] -> _14446_/D : -0.786252
[setup in-reg] cpu_addr[3] -> _14447_/D : -0.786252
[setup in-reg] cpu_addr[3] -> _14448_/D : -0.786252
[setup in-reg] cpu_addr[3] -> _14449_/D : -0.786252
[setup in-reg] cpu_addr[3] -> _14450_/D : -0.786252
[setup in-reg] cpu_addr[3] -> _14451_/D : -0.786252
[setup in-reg] cpu_addr[3] -> _14452_/D : -0.786252
[setup in-reg] cpu_addr[3] -> _14453_/D : -0.786252
[setup in-reg] cpu_addr[3] -> _14454_/D : -0.786252
[setup in-reg] cpu_addr[3] -> _14455_/D : -0.786252
[setup in-reg] cpu_addr[3] -> _14456_/D : -0.786252
[setup in-reg] cpu_addr[3] -> _14457_/D : -0.786252
[setup in-reg] cpu_addr[3] -> _14458_/D : -0.786252
[setup in-reg] cpu_addr[3] -> _14459_/D : -0.786252
[setup in-reg] cpu_addr[3] -> _14460_/D : -0.786252
[setup in-reg] cpu_addr[3] -> _14461_/D : -0.786252
[setup in-reg] cpu_addr[3] -> _14462_/D : -0.786252
[setup in-reg] cpu_addr[3] -> _14463_/D : -0.786252
[setup in-reg] cpu_addr[3] -> _14464_/D : -0.786252
[setup in-reg] cpu_addr[3] -> _14465_/D : -0.786252
[setup in-reg] cpu_addr[3] -> _14466_/D : -0.786252
[setup in-reg] cpu_addr[3] -> _14467_/D : -0.786252
[setup in-reg] cpu_addr[3] -> _14468_/D : -0.786252
[setup in-reg] cpu_addr[3] -> _14469_/D : -0.786252
[setup in-reg] cpu_addr[3] -> _14470_/D : -0.786252
[setup in-reg] cpu_addr[3] -> _14471_/D : -0.786252
[setup in-reg] cpu_addr[3] -> _14472_/D : -0.786252
[setup in-reg] cpu_addr[3] -> _14473_/D : -0.786252
[setup in-reg] cpu_addr[3] -> _14474_/D : -0.786252
[setup in-reg] cpu_addr[3] -> _14475_/D : -0.786252
[setup in-reg] cpu_addr[3] -> _14476_/D : -0.786252
[setup in-reg] cpu_addr[3] -> _14477_/D : -0.786252
[setup in-reg] cpu_addr[3] -> _14478_/D : -0.786252
[setup in-reg] cpu_addr[3] -> _14479_/D : -0.786252
[setup in-reg] cpu_addr[3] -> _11684_/D : -0.770415
[setup in-reg] cpu_addr[3] -> _11685_/D : -0.770415
[setup in-reg] cpu_addr[3] -> _11686_/D : -0.770415
[setup in-reg] cpu_addr[3] -> _11687_/D : -0.770415
[setup in-reg] cpu_addr[3] -> _11688_/D : -0.770415
[setup in-reg] cpu_addr[3] -> _11689_/D : -0.770415
[setup in-reg] cpu_addr[3] -> _11690_/D : -0.770415
[setup in-reg] cpu_addr[3] -> _11691_/D : -0.770415
[setup in-reg] cpu_addr[3] -> _11692_/D : -0.770415
[setup in-reg] cpu_addr[3] -> _11693_/D : -0.770415
[setup in-reg] cpu_addr[3] -> _11694_/D : -0.770415
[setup in-reg] cpu_addr[3] -> _11695_/D : -0.770415
[setup in-reg] cpu_addr[3] -> _11696_/D : -0.770415
[setup in-reg] cpu_addr[3] -> _11697_/D : -0.770415
[setup in-reg] cpu_addr[3] -> _11698_/D : -0.770415
[setup in-reg] cpu_addr[3] -> _11699_/D : -0.770415
[setup in-reg] cpu_addr[3] -> _11700_/D : -0.770415
[setup in-reg] cpu_addr[3] -> _11701_/D : -0.770415
[setup in-reg] cpu_addr[3] -> _11702_/D : -0.770415
[setup in-reg] cpu_addr[3] -> _11703_/D : -0.770415
[setup in-reg] cpu_addr[3] -> _11704_/D : -0.770415
[setup in-reg] cpu_addr[3] -> _11705_/D : -0.770415
[setup in-reg] cpu_addr[3] -> _11706_/D : -0.770415
[setup in-reg] cpu_addr[3] -> _11707_/D : -0.770415
[setup in-reg] cpu_addr[3] -> _11708_/D : -0.770415
[setup in-reg] cpu_addr[3] -> _13574_/D : -0.770415
[setup in-reg] cpu_addr[3] -> _13640_/D : -0.770415
[setup in-reg] cpu_addr[3] -> _13641_/D : -0.770415
[setup in-reg] cpu_addr[3] -> _13642_/D : -0.770415
[setup in-reg] cpu_addr[3] -> _13643_/D : -0.770415
[setup in-reg] cpu_addr[3] -> _13644_/D : -0.770415
[setup in-reg] cpu_addr[3] -> _13645_/D : -0.770415
[setup in-reg] cpu_addr[3] -> _13646_/D : -0.770415
[setup in-reg] cpu_addr[3] -> _13647_/D : -0.770415
[setup in-reg] cpu_addr[3] -> _13648_/D : -0.770415
[setup in-reg] cpu_addr[3] -> _13649_/D : -0.770415
[setup in-reg] cpu_addr[3] -> _13650_/D : -0.770415
[setup in-reg] cpu_addr[3] -> _13651_/D : -0.770415
[setup in-reg] cpu_addr[3] -> _13652_/D : -0.770415
[setup in-reg] cpu_addr[3] -> _13653_/D : -0.770415
[setup in-reg] cpu_addr[3] -> _13654_/D : -0.770415
[setup in-reg] cpu_addr[3] -> _13655_/D : -0.770415
[setup in-reg] cpu_addr[3] -> _13656_/D : -0.770415
[setup in-reg] cpu_addr[3] -> _13657_/D : -0.770415
[setup in-reg] cpu_addr[3] -> _13658_/D : -0.770415
[setup in-reg] cpu_addr[3] -> _13659_/D : -0.770415
[setup in-reg] cpu_addr[3] -> _13660_/D : -0.770415
[setup in-reg] cpu_addr[3] -> _13661_/D : -0.770415
[setup in-reg] cpu_addr[3] -> _13662_/D : -0.770415
[setup in-reg] cpu_addr[3] -> _13663_/D : -0.770415
[setup in-reg] cpu_addr[3] -> _13664_/D : -0.770415
[setup in-reg] cpu_addr[3] -> _13665_/D : -0.770415
[setup in-reg] cpu_addr[3] -> _13666_/D : -0.770415
[setup in-reg] cpu_addr[3] -> _13667_/D : -0.770415
[setup in-reg] cpu_addr[3] -> _13668_/D : -0.770415
[setup in-reg] cpu_addr[3] -> _13669_/D : -0.770415
[setup in-reg] cpu_addr[3] -> _13670_/D : -0.770415
[setup in-reg] cpu_addr[3] -> _13671_/D : -0.770415
[setup in-reg] cpu_addr[3] -> _13672_/D : -0.770415
[setup in-reg] cpu_addr[3] -> _13673_/D : -0.770415
[setup in-reg] cpu_addr[3] -> _13674_/D : -0.770415
[setup in-reg] cpu_addr[3] -> _13675_/D : -0.770415
[setup in-reg] cpu_addr[3] -> _13676_/D : -0.770415
[setup in-reg] cpu_addr[3] -> _13677_/D : -0.770415
[setup in-reg] cpu_addr[3] -> _13678_/D : -0.770415
[setup in-reg] cpu_addr[3] -> _13679_/D : -0.770415
[setup in-reg] cpu_addr[3] -> _13680_/D : -0.770415
[setup in-reg] cpu_addr[3] -> _13681_/D : -0.770415
[setup in-reg] cpu_addr[3] -> _13682_/D : -0.770415
[setup in-reg] cpu_addr[3] -> _13683_/D : -0.770415
[setup in-reg] cpu_addr[3] -> _13684_/D : -0.770415
[setup in-reg] cpu_addr[3] -> _13685_/D : -0.770415
[setup in-reg] cpu_addr[3] -> _13686_/D : -0.770415
[setup in-reg] cpu_addr[3] -> _13687_/D : -0.770415
[setup in-reg] cpu_addr[3] -> _13688_/D : -0.770415
[setup in-reg] cpu_addr[3] -> _13689_/D : -0.770415
[setup in-reg] cpu_addr[3] -> _13690_/D : -0.770415
[setup in-reg] cpu_addr[3] -> _13691_/D : -0.770415
[setup in-reg] cpu_addr[3] -> _13692_/D : -0.770415
[setup in-reg] cpu_addr[3] -> _13693_/D : -0.770415
[setup in-reg] cpu_addr[3] -> _13694_/D : -0.770415
[setup in-reg] cpu_addr[3] -> _13695_/D : -0.770415
[setup in-reg] cpu_addr[3] -> _13696_/D : -0.770415
[setup in-reg] cpu_addr[3] -> _13697_/D : -0.770415
[setup in-reg] cpu_addr[3] -> _13698_/D : -0.770415
[setup in-reg] cpu_addr[3] -> _13699_/D : -0.770415
[setup in-reg] cpu_addr[3] -> _13700_/D : -0.770415
[setup in-reg] cpu_addr[3] -> _13701_/D : -0.770415
[setup in-reg] cpu_addr[3] -> _13702_/D : -0.770415
[setup in-reg] cpu_addr[3] -> _13703_/D : -0.770415
[setup in-reg] cpu_addr[3] -> _12268_/D : -0.655416
[setup in-reg] cpu_addr[3] -> _12269_/D : -0.655416
[setup in-reg] cpu_addr[3] -> _12270_/D : -0.655416
[setup in-reg] cpu_addr[3] -> _12271_/D : -0.655416
[setup in-reg] cpu_addr[3] -> _12272_/D : -0.655416
[setup in-reg] cpu_addr[3] -> _12273_/D : -0.655416
[setup in-reg] cpu_addr[3] -> _12274_/D : -0.655416
[setup in-reg] cpu_addr[3] -> _12275_/D : -0.655416
[setup in-reg] cpu_addr[3] -> _12276_/D : -0.655416
[setup in-reg] cpu_addr[3] -> _12277_/D : -0.655416
[setup in-reg] cpu_addr[3] -> _12278_/D : -0.655416
[setup in-reg] cpu_addr[3] -> _12279_/D : -0.655416
[setup in-reg] cpu_addr[3] -> _12280_/D : -0.655416
[setup in-reg] cpu_addr[3] -> _12281_/D : -0.655416
[setup in-reg] cpu_addr[3] -> _12282_/D : -0.655416
[setup in-reg] cpu_addr[3] -> _12283_/D : -0.655416
[setup in-reg] cpu_addr[3] -> _12284_/D : -0.655416
[setup in-reg] cpu_addr[3] -> _12285_/D : -0.655416
[setup in-reg] cpu_addr[3] -> _12286_/D : -0.655416
[setup in-reg] cpu_addr[3] -> _12287_/D : -0.655416
[setup in-reg] cpu_addr[3] -> _12288_/D : -0.655416
[setup in-reg] cpu_addr[3] -> _12289_/D : -0.655416
[setup in-reg] cpu_addr[3] -> _12290_/D : -0.655416
[setup in-reg] cpu_addr[3] -> _12291_/D : -0.655416
[setup in-reg] cpu_addr[3] -> _12292_/D : -0.655416
[setup in-reg] cpu_addr[3] -> _13049_/D : -0.655416
[setup in-reg] cpu_addr[3] -> _13050_/D : -0.655416
[setup in-reg] cpu_addr[3] -> _13051_/D : -0.655416
[setup in-reg] cpu_addr[3] -> _13052_/D : -0.655416
[setup in-reg] cpu_addr[3] -> _13053_/D : -0.655416
[setup in-reg] cpu_addr[3] -> _13054_/D : -0.655416
[setup in-reg] cpu_addr[3] -> _13055_/D : -0.655416
[setup in-reg] cpu_addr[3] -> _13056_/D : -0.655416
[setup in-reg] cpu_addr[3] -> _13057_/D : -0.655416
[setup in-reg] cpu_addr[3] -> _13058_/D : -0.655416
[setup in-reg] cpu_addr[3] -> _13059_/D : -0.655416
[setup in-reg] cpu_addr[3] -> _13060_/D : -0.655416
[setup in-reg] cpu_addr[3] -> _13061_/D : -0.655416
[setup in-reg] cpu_addr[3] -> _13062_/D : -0.655416
[setup in-reg] cpu_addr[3] -> _13063_/D : -0.655416
[setup in-reg] cpu_addr[3] -> _13064_/D : -0.655416
[setup in-reg] cpu_addr[3] -> _13065_/D : -0.655416
[setup in-reg] cpu_addr[3] -> _13066_/D : -0.655416
[setup in-reg] cpu_addr[3] -> _13067_/D : -0.655416
[setup in-reg] cpu_addr[3] -> _13068_/D : -0.655416
[setup in-reg] cpu_addr[3] -> _13069_/D : -0.655416
[setup in-reg] cpu_addr[3] -> _13070_/D : -0.655416
[setup in-reg] cpu_addr[3] -> _13071_/D : -0.655416
[setup in-reg] cpu_addr[3] -> _13072_/D : -0.655416
[setup in-reg] cpu_addr[3] -> _13073_/D : -0.655416
[setup in-reg] cpu_addr[3] -> _13074_/D : -0.655416
[setup in-reg] cpu_addr[3] -> _13075_/D : -0.655416
[setup in-reg] cpu_addr[3] -> _13076_/D : -0.655416
[setup in-reg] cpu_addr[3] -> _13077_/D : -0.655416
[setup in-reg] cpu_addr[3] -> _13078_/D : -0.655416
[setup in-reg] cpu_addr[3] -> _13079_/D : -0.655416
[setup in-reg] cpu_addr[3] -> _13080_/D : -0.655416
[setup in-reg] cpu_addr[3] -> _13081_/D : -0.655416
[setup in-reg] cpu_addr[3] -> _13082_/D : -0.655416
[setup in-reg] cpu_addr[3] -> _13083_/D : -0.655416
[setup in-reg] cpu_addr[3] -> _13084_/D : -0.655416
[setup in-reg] cpu_addr[3] -> _13085_/D : -0.655416
[setup in-reg] cpu_addr[3] -> _13086_/D : -0.655416
[setup in-reg] cpu_addr[3] -> _13087_/D : -0.655416
[setup in-reg] cpu_addr[3] -> _13088_/D : -0.655416
[setup in-reg] cpu_addr[3] -> _13089_/D : -0.655416
[setup in-reg] cpu_addr[3] -> _13090_/D : -0.655416
[setup in-reg] cpu_addr[3] -> _13091_/D : -0.655416
[setup in-reg] cpu_addr[3] -> _13092_/D : -0.655416
[setup in-reg] cpu_addr[3] -> _13093_/D : -0.655416
[setup in-reg] cpu_addr[3] -> _13094_/D : -0.655416
[setup in-reg] cpu_addr[3] -> _13095_/D : -0.655416
[setup in-reg] cpu_addr[3] -> _13096_/D : -0.655416
[setup in-reg] cpu_addr[3] -> _13097_/D : -0.655416
[setup in-reg] cpu_addr[3] -> _13098_/D : -0.655416
[setup in-reg] cpu_addr[3] -> _13099_/D : -0.655416
[setup in-reg] cpu_addr[3] -> _13100_/D : -0.655416
[setup in-reg] cpu_addr[3] -> _13101_/D : -0.655416
[setup in-reg] cpu_addr[3] -> _13102_/D : -0.655416
[setup in-reg] cpu_addr[3] -> _13103_/D : -0.655416
[setup in-reg] cpu_addr[3] -> _13104_/D : -0.655416
[setup in-reg] cpu_addr[3] -> _13105_/D : -0.655416
[setup in-reg] cpu_addr[3] -> _13106_/D : -0.655416
[setup in-reg] cpu_addr[3] -> _13107_/D : -0.655416
[setup in-reg] cpu_addr[3] -> _13108_/D : -0.655416
[setup in-reg] cpu_addr[3] -> _13109_/D : -0.655416
[setup in-reg] cpu_addr[3] -> _13110_/D : -0.655416
[setup in-reg] cpu_addr[3] -> _13111_/D : -0.655416
[setup in-reg] cpu_addr[3] -> _13112_/D : -0.655416
[setup in-reg] cpu_addr[3] -> _13497_/D : -0.655416
[setup in-reg] cpu_addr[4] -> _12054_/D : -0.638662
[setup in-reg] cpu_addr[4] -> _12055_/D : -0.638662
[setup in-reg] cpu_addr[4] -> _12056_/D : -0.638662
[setup in-reg] cpu_addr[4] -> _12057_/D : -0.638662
[setup in-reg] cpu_addr[4] -> _12058_/D : -0.638662
[setup in-reg] cpu_addr[4] -> _12059_/D : -0.638662
[setup in-reg] cpu_addr[4] -> _12060_/D : -0.638662
[setup in-reg] cpu_addr[4] -> _12061_/D : -0.638662
[setup in-reg] cpu_addr[4] -> _12062_/D : -0.638662
[setup in-reg] cpu_addr[4] -> _12063_/D : -0.638662
[setup in-reg] cpu_addr[4] -> _12064_/D : -0.638662
[setup in-reg] cpu_addr[4] -> _12065_/D : -0.638662
[setup in-reg] cpu_addr[4] -> _12066_/D : -0.638662
[setup in-reg] cpu_addr[4] -> _12067_/D : -0.638662
[setup in-reg] cpu_addr[4] -> _12068_/D : -0.638662
[setup in-reg] cpu_addr[4] -> _12069_/D : -0.638662
[setup in-reg] cpu_addr[4] -> _12070_/D : -0.638662
[setup in-reg] cpu_addr[4] -> _12071_/D : -0.638662
[setup in-reg] cpu_addr[4] -> _12072_/D : -0.638662
[setup in-reg] cpu_addr[4] -> _12073_/D : -0.638662
[setup in-reg] cpu_addr[4] -> _12074_/D : -0.638662
[setup in-reg] cpu_addr[4] -> _12075_/D : -0.638662
[setup in-reg] cpu_addr[4] -> _12076_/D : -0.638662
[setup in-reg] cpu_addr[4] -> _12077_/D : -0.638662
[setup in-reg] cpu_addr[4] -> _12078_/D : -0.638662
[setup in-reg] cpu_addr[4] -> _12079_/D : -0.638662
[setup in-reg] cpu_addr[4] -> _12080_/D : -0.638662
[setup in-reg] cpu_addr[4] -> _12081_/D : -0.638662
[setup in-reg] cpu_addr[4] -> _12082_/D : -0.638662
[setup in-reg] cpu_addr[4] -> _12083_/D : -0.638662
[setup in-reg] cpu_addr[4] -> _12084_/D : -0.638662
[setup in-reg] cpu_addr[4] -> _12085_/D : -0.638662
[setup in-reg] cpu_addr[4] -> _12086_/D : -0.638662
[setup in-reg] cpu_addr[4] -> _12087_/D : -0.638662
[setup in-reg] cpu_addr[4] -> _12088_/D : -0.638662
[setup in-reg] cpu_addr[4] -> _12089_/D : -0.638662
[setup in-reg] cpu_addr[4] -> _12090_/D : -0.638662
[setup in-reg] cpu_addr[4] -> _12091_/D : -0.638662
[setup in-reg] cpu_addr[4] -> _12092_/D : -0.638662
[setup in-reg] cpu_addr[4] -> _12093_/D : -0.638662
[setup in-reg] cpu_addr[4] -> _12094_/D : -0.638662
[setup in-reg] cpu_addr[4] -> _12095_/D : -0.638662
[setup in-reg] cpu_addr[4] -> _12096_/D : -0.638662
[setup in-reg] cpu_addr[4] -> _12097_/D : -0.638662
[setup in-reg] cpu_addr[4] -> _12098_/D : -0.638662
[setup in-reg] cpu_addr[4] -> _12099_/D : -0.638662
[setup in-reg] cpu_addr[4] -> _12100_/D : -0.638662
[setup in-reg] cpu_addr[4] -> _12101_/D : -0.638662
[setup in-reg] cpu_addr[4] -> _12102_/D : -0.638662
[setup in-reg] cpu_addr[4] -> _12103_/D : -0.638662
[setup in-reg] cpu_addr[4] -> _12104_/D : -0.638662
[setup in-reg] cpu_addr[4] -> _12105_/D : -0.638662
[setup in-reg] cpu_addr[4] -> _12106_/D : -0.638662
[setup in-reg] cpu_addr[4] -> _12107_/D : -0.638662
[setup in-reg] cpu_addr[4] -> _12108_/D : -0.638662
[setup in-reg] cpu_addr[4] -> _12109_/D : -0.638662
[setup in-reg] cpu_addr[4] -> _12110_/D : -0.638662
[setup in-reg] cpu_addr[4] -> _12111_/D : -0.638662
[setup in-reg] cpu_addr[4] -> _12112_/D : -0.638662
[setup in-reg] cpu_addr[4] -> _12113_/D : -0.638662
[setup in-reg] cpu_addr[4] -> _12114_/D : -0.638662
[setup in-reg] cpu_addr[4] -> _12115_/D : -0.638662
[setup in-reg] cpu_addr[4] -> _12116_/D : -0.638662
[setup in-reg] cpu_addr[4] -> _12117_/D : -0.638662
[setup in-reg] cpu_addr[4] -> _12243_/D : -0.638662
[setup in-reg] cpu_addr[4] -> _12244_/D : -0.638662
[setup in-reg] cpu_addr[4] -> _12245_/D : -0.638662
[setup in-reg] cpu_addr[4] -> _12246_/D : -0.638662
[setup in-reg] cpu_addr[4] -> _12247_/D : -0.638662
[setup in-reg] cpu_addr[4] -> _12248_/D : -0.638662
[setup in-reg] cpu_addr[4] -> _12249_/D : -0.638662
[setup in-reg] cpu_addr[4] -> _12250_/D : -0.638662
[setup in-reg] cpu_addr[4] -> _12251_/D : -0.638662
[setup in-reg] cpu_addr[4] -> _12252_/D : -0.638662
[setup in-reg] cpu_addr[4] -> _12253_/D : -0.638662
[setup in-reg] cpu_addr[4] -> _12254_/D : -0.638662
[setup in-reg] cpu_addr[4] -> _12255_/D : -0.638662
[setup in-reg] cpu_addr[4] -> _12256_/D : -0.638662
[setup in-reg] cpu_addr[4] -> _12257_/D : -0.638662
[setup in-reg] cpu_addr[4] -> _12258_/D : -0.638662
[setup in-reg] cpu_addr[4] -> _12259_/D : -0.638662
[setup in-reg] cpu_addr[4] -> _12260_/D : -0.638662
[setup in-reg] cpu_addr[4] -> _12261_/D : -0.638662
[setup in-reg] cpu_addr[4] -> _12262_/D : -0.638662
[setup in-reg] cpu_addr[4] -> _12263_/D : -0.638662
[setup in-reg] cpu_addr[4] -> _12264_/D : -0.638662
[setup in-reg] cpu_addr[4] -> _12265_/D : -0.638662
[setup in-reg] cpu_addr[4] -> _12266_/D : -0.638662
[setup in-reg] cpu_addr[4] -> _12267_/D : -0.638662
[setup in-reg] cpu_addr[4] -> _13496_/D : -0.638662
[setup in-reg] cpu_addr[3] -> _14492_/D : -0.475553
[setup in-reg] cpu_addr[3] -> _12543_/D : -0.474459
[setup in-reg] cpu_addr[3] -> _12544_/D : -0.474459
[setup in-reg] cpu_addr[3] -> _12545_/D : -0.474459
[setup in-reg] cpu_addr[3] -> _12546_/D : -0.474459
[setup in-reg] cpu_addr[3] -> _12547_/D : -0.474459
[setup in-reg] cpu_addr[3] -> _12548_/D : -0.474459
[setup in-reg] cpu_addr[3] -> _12549_/D : -0.474459
[setup in-reg] cpu_addr[3] -> _12550_/D : -0.474459
[setup in-reg] cpu_addr[3] -> _12551_/D : -0.474459
[setup in-reg] cpu_addr[3] -> _12552_/D : -0.474459
[setup in-reg] cpu_addr[3] -> _12553_/D : -0.474459
[setup in-reg] cpu_addr[3] -> _12554_/D : -0.474459
[setup in-reg] cpu_addr[3] -> _12555_/D : -0.474459
[setup in-reg] cpu_addr[3] -> _12556_/D : -0.474459
[setup in-reg] cpu_addr[3] -> _12557_/D : -0.474459
[setup in-reg] cpu_addr[3] -> _12558_/D : -0.474459
[setup in-reg] cpu_addr[3] -> _12559_/D : -0.474459
[setup in-reg] cpu_addr[3] -> _12560_/D : -0.474459
[setup in-reg] cpu_addr[3] -> _12561_/D : -0.474459
[setup in-reg] cpu_addr[3] -> _12562_/D : -0.474459
[setup in-reg] cpu_addr[3] -> _12563_/D : -0.474459
[setup in-reg] cpu_addr[3] -> _12564_/D : -0.474459
[setup in-reg] cpu_addr[3] -> _12565_/D : -0.474459
[setup in-reg] cpu_addr[3] -> _12566_/D : -0.474459
[setup in-reg] cpu_addr[3] -> _12567_/D : -0.474459
[setup in-reg] cpu_addr[3] -> _14488_/D : -0.431919
[setup in-reg] cpu_addr[3] -> _12707_/D : -0.430825
[setup in-reg] cpu_addr[3] -> _12708_/D : -0.430825
[setup in-reg] cpu_addr[3] -> _12709_/D : -0.430825
[setup in-reg] cpu_addr[3] -> _12710_/D : -0.430825
[setup in-reg] cpu_addr[3] -> _12711_/D : -0.430825
[setup in-reg] cpu_addr[3] -> _12712_/D : -0.430825
[setup in-reg] cpu_addr[3] -> _12713_/D : -0.430825
[setup in-reg] cpu_addr[3] -> _12714_/D : -0.430825
[setup in-reg] cpu_addr[3] -> _12715_/D : -0.430825
[setup in-reg] cpu_addr[3] -> _12716_/D : -0.430825
[setup in-reg] cpu_addr[3] -> _12717_/D : -0.430825
[setup in-reg] cpu_addr[3] -> _12718_/D : -0.430825
[setup in-reg] cpu_addr[3] -> _12719_/D : -0.430825
[setup in-reg] cpu_addr[3] -> _12720_/D : -0.430825
[setup in-reg] cpu_addr[3] -> _12721_/D : -0.430825
[setup in-reg] cpu_addr[3] -> _12722_/D : -0.430825
[setup in-reg] cpu_addr[3] -> _12723_/D : -0.430825
[setup in-reg] cpu_addr[3] -> _12724_/D : -0.430825
[setup in-reg] cpu_addr[3] -> _12725_/D : -0.430825
[setup in-reg] cpu_addr[3] -> _12726_/D : -0.430825
[setup in-reg] cpu_addr[3] -> _12727_/D : -0.430825
[setup in-reg] cpu_addr[3] -> _12728_/D : -0.430825
[setup in-reg] cpu_addr[3] -> _12729_/D : -0.430825
[setup in-reg] cpu_addr[3] -> _12730_/D : -0.430825
[setup in-reg] cpu_addr[3] -> _12731_/D : -0.430825
[setup in-reg] cpu_addr[3] -> _14481_/D : -0.358442
[setup in-reg] cpu_addr[3] -> _13469_/D : -0.357348
[setup in-reg] cpu_addr[3] -> _13470_/D : -0.357348
[setup in-reg] cpu_addr[3] -> _13471_/D : -0.357348
[setup in-reg] cpu_addr[3] -> _13472_/D : -0.357348
[setup in-reg] cpu_addr[3] -> _13473_/D : -0.357348
[setup in-reg] cpu_addr[3] -> _13474_/D : -0.357348
[setup in-reg] cpu_addr[3] -> _13475_/D : -0.357348
[setup in-reg] cpu_addr[3] -> _13476_/D : -0.357348
[setup in-reg] cpu_addr[3] -> _13477_/D : -0.357348
[setup in-reg] cpu_addr[3] -> _13478_/D : -0.357348
[setup in-reg] cpu_addr[3] -> _13479_/D : -0.357348
[setup in-reg] cpu_addr[3] -> _13480_/D : -0.357348
[setup in-reg] cpu_addr[3] -> _13481_/D : -0.357348
[setup in-reg] cpu_addr[3] -> _13482_/D : -0.357348
[setup in-reg] cpu_addr[3] -> _13483_/D : -0.357348
[setup in-reg] cpu_addr[3] -> _13484_/D : -0.357348
[setup in-reg] cpu_addr[3] -> _13485_/D : -0.357348
[setup in-reg] cpu_addr[3] -> _13486_/D : -0.357348
[setup in-reg] cpu_addr[3] -> _13487_/D : -0.357348
[setup in-reg] cpu_addr[3] -> _13488_/D : -0.357348
[setup in-reg] cpu_addr[3] -> _13489_/D : -0.357348
[setup in-reg] cpu_addr[3] -> _13490_/D : -0.357348
[setup in-reg] cpu_addr[3] -> _13491_/D : -0.357348
[setup in-reg] cpu_addr[3] -> _13492_/D : -0.357348
[setup in-reg] cpu_addr[3] -> _13493_/D : -0.357348
[setup in-reg] cpu_addr[3] -> _13227_/D : -0.352109
[setup in-reg] cpu_addr[3] -> _13228_/D : -0.352109
[setup in-reg] cpu_addr[3] -> _13229_/D : -0.352109
[setup in-reg] cpu_addr[3] -> _13230_/D : -0.352109
[setup in-reg] cpu_addr[3] -> _13231_/D : -0.352109
[setup in-reg] cpu_addr[3] -> _13232_/D : -0.352109
[setup in-reg] cpu_addr[3] -> _13233_/D : -0.352109
[setup in-reg] cpu_addr[3] -> _13234_/D : -0.352109
[setup in-reg] cpu_addr[3] -> _13235_/D : -0.352109
[setup in-reg] cpu_addr[3] -> _13236_/D : -0.352109
[setup in-reg] cpu_addr[3] -> _13237_/D : -0.352109
[setup in-reg] cpu_addr[3] -> _13238_/D : -0.352109
[setup in-reg] cpu_addr[3] -> _13239_/D : -0.352109
[setup in-reg] cpu_addr[3] -> _13240_/D : -0.352109
[setup in-reg] cpu_addr[3] -> _13241_/D : -0.352109
[setup in-reg] cpu_addr[3] -> _13242_/D : -0.352109
[setup in-reg] cpu_addr[3] -> _13243_/D : -0.352109
[setup in-reg] cpu_addr[3] -> _13244_/D : -0.352109
[setup in-reg] cpu_addr[3] -> _13245_/D : -0.352109
[setup in-reg] cpu_addr[3] -> _13246_/D : -0.352109
[setup in-reg] cpu_addr[3] -> _13247_/D : -0.352109
[setup in-reg] cpu_addr[3] -> _13248_/D : -0.352109
[setup in-reg] cpu_addr[3] -> _13249_/D : -0.352109
[setup in-reg] cpu_addr[3] -> _13250_/D : -0.352109
[setup in-reg] cpu_addr[3] -> _13251_/D : -0.352109
[setup in-reg] cpu_addr[3] -> _13252_/D : -0.352109
[setup in-reg] cpu_addr[3] -> _13253_/D : -0.352109
[setup in-reg] cpu_addr[3] -> _13254_/D : -0.352109
[setup in-reg] cpu_addr[3] -> _13255_/D : -0.352109
[setup in-reg] cpu_addr[3] -> _13256_/D : -0.352109
[setup in-reg] cpu_addr[3] -> _13257_/D : -0.352109
[setup in-reg] cpu_addr[3] -> _13258_/D : -0.352109
[setup in-reg] cpu_addr[3] -> _13259_/D : -0.352109
[setup in-reg] cpu_addr[3] -> _13260_/D : -0.352109
[setup in-reg] cpu_addr[3] -> _13261_/D : -0.352109
[setup in-reg] cpu_addr[3] -> _13262_/D : -0.352109
[setup in-reg] cpu_addr[3] -> _13263_/D : -0.352109
[setup in-reg] cpu_addr[3] -> _13264_/D : -0.352109
[setup in-reg] cpu_addr[3] -> _13265_/D : -0.352109
[setup in-reg] cpu_addr[3] -> _13266_/D : -0.352109
[setup in-reg] cpu_addr[3] -> _13267_/D : -0.352109
[setup in-reg] cpu_addr[3] -> _13268_/D : -0.352109
[setup in-reg] cpu_addr[3] -> _13269_/D : -0.352109
[setup in-reg] cpu_addr[3] -> _13270_/D : -0.352109
[setup in-reg] cpu_addr[3] -> _13271_/D : -0.352109
[setup in-reg] cpu_addr[3] -> _13272_/D : -0.352109
[setup in-reg] cpu_addr[3] -> _13273_/D : -0.352109
[setup in-reg] cpu_addr[3] -> _13274_/D : -0.352109
[setup in-reg] cpu_addr[3] -> _13275_/D : -0.352109
[setup in-reg] cpu_addr[3] -> _13276_/D : -0.352109
[setup in-reg] cpu_addr[3] -> _13277_/D : -0.352109
[setup in-reg] cpu_addr[3] -> _13278_/D : -0.352109
[setup in-reg] cpu_addr[3] -> _13279_/D : -0.352109
[setup in-reg] cpu_addr[3] -> _13280_/D : -0.352109
[setup in-reg] cpu_addr[3] -> _13281_/D : -0.352109
[setup in-reg] cpu_addr[3] -> _13282_/D : -0.352109
[setup in-reg] cpu_addr[3] -> _13283_/D : -0.352109
[setup in-reg] cpu_addr[3] -> _13284_/D : -0.352109
[setup in-reg] cpu_addr[3] -> _13285_/D : -0.352109
[setup in-reg] cpu_addr[3] -> _13286_/D : -0.352109
[setup in-reg] cpu_addr[3] -> _13287_/D : -0.352109
[setup in-reg] cpu_addr[3] -> _13288_/D : -0.352109
[setup in-reg] cpu_addr[3] -> _13289_/D : -0.352109
[setup in-reg] cpu_addr[3] -> _13290_/D : -0.352109
[setup in-reg] cpu_addr[3] -> _11798_/D : -0.299850
[setup in-reg] cpu_addr[3] -> _11799_/D : -0.299850
[setup in-reg] cpu_addr[3] -> _11800_/D : -0.299850
[setup in-reg] cpu_addr[3] -> _11801_/D : -0.299850
[setup in-reg] cpu_addr[3] -> _11802_/D : -0.299850
[setup in-reg] cpu_addr[3] -> _11803_/D : -0.299850
[setup in-reg] cpu_addr[3] -> _11804_/D : -0.299850
[setup in-reg] cpu_addr[3] -> _11805_/D : -0.299850
[setup in-reg] cpu_addr[3] -> _11806_/D : -0.299850
[setup in-reg] cpu_addr[3] -> _11807_/D : -0.299850
[setup in-reg] cpu_addr[3] -> _11808_/D : -0.299850
[setup in-reg] cpu_addr[3] -> _11809_/D : -0.299850
[setup in-reg] cpu_addr[3] -> _11810_/D : -0.299850
[setup in-reg] cpu_addr[3] -> _11811_/D : -0.299850
[setup in-reg] cpu_addr[3] -> _11812_/D : -0.299850
[setup in-reg] cpu_addr[3] -> _11813_/D : -0.299850
[setup in-reg] cpu_addr[3] -> _11814_/D : -0.299850
[setup in-reg] cpu_addr[3] -> _11815_/D : -0.299850
[setup in-reg] cpu_addr[3] -> _11816_/D : -0.299850
[setup in-reg] cpu_addr[3] -> _11817_/D : -0.299850
[setup in-reg] cpu_addr[3] -> _11818_/D : -0.299850
[setup in-reg] cpu_addr[3] -> _11819_/D : -0.299850
[setup in-reg] cpu_addr[3] -> _11820_/D : -0.299850
[setup in-reg] cpu_addr[3] -> _11821_/D : -0.299850
[setup in-reg] cpu_addr[3] -> _11822_/D : -0.299850
[setup in-reg] cpu_addr[3] -> _11823_/D : -0.299850
[setup in-reg] cpu_addr[3] -> _11824_/D : -0.299850
[setup in-reg] cpu_addr[3] -> _11825_/D : -0.299850
[setup in-reg] cpu_addr[3] -> _11826_/D : -0.299850
[setup in-reg] cpu_addr[3] -> _11827_/D : -0.299850
[setup in-reg] cpu_addr[3] -> _11828_/D : -0.299850
[setup in-reg] cpu_addr[3] -> _11829_/D : -0.299850
[setup in-reg] cpu_addr[3] -> _11830_/D : -0.299850
[setup in-reg] cpu_addr[3] -> _11831_/D : -0.299850
[setup in-reg] cpu_addr[3] -> _11832_/D : -0.299850
[setup in-reg] cpu_addr[3] -> _11833_/D : -0.299850
[setup in-reg] cpu_addr[3] -> _11834_/D : -0.299850
[setup in-reg] cpu_addr[3] -> _11835_/D : -0.299850
[setup in-reg] cpu_addr[3] -> _11836_/D : -0.299850
[setup in-reg] cpu_addr[3] -> _11837_/D : -0.299850
[setup in-reg] cpu_addr[3] -> _11838_/D : -0.299850
[setup in-reg] cpu_addr[3] -> _11839_/D : -0.299850
[setup in-reg] cpu_addr[3] -> _11840_/D : -0.299850
[setup in-reg] cpu_addr[3] -> _11841_/D : -0.299850
[setup in-reg] cpu_addr[3] -> _11842_/D : -0.299850
[setup in-reg] cpu_addr[3] -> _11843_/D : -0.299850
[setup in-reg] cpu_addr[3] -> _11844_/D : -0.299850
[setup in-reg] cpu_addr[3] -> _11845_/D : -0.299850
[setup in-reg] cpu_addr[3] -> _11846_/D : -0.299850
[setup in-reg] cpu_addr[3] -> _11847_/D : -0.299850
[setup in-reg] cpu_addr[3] -> _11848_/D : -0.299850
[setup in-reg] cpu_addr[3] -> _11849_/D : -0.299850
[setup in-reg] cpu_addr[3] -> _11850_/D : -0.299850
[setup in-reg] cpu_addr[3] -> _11851_/D : -0.299850
[setup in-reg] cpu_addr[3] -> _11852_/D : -0.299850
[setup in-reg] cpu_addr[3] -> _11853_/D : -0.299850
[setup in-reg] cpu_addr[3] -> _11854_/D : -0.299850
[setup in-reg] cpu_addr[3] -> _11855_/D : -0.299850
[setup in-reg] cpu_addr[3] -> _11856_/D : -0.299850
[setup in-reg] cpu_addr[3] -> _11857_/D : -0.299850
[setup in-reg] cpu_addr[3] -> _11858_/D : -0.299850
[setup in-reg] cpu_addr[3] -> _11859_/D : -0.299850
[setup in-reg] cpu_addr[3] -> _11860_/D : -0.299850
[setup in-reg] cpu_addr[3] -> _11861_/D : -0.299850
[setup in-reg] cpu_addr[3] -> _12618_/D : -0.291625
[setup in-reg] cpu_addr[3] -> _12619_/D : -0.291625
[setup in-reg] cpu_addr[3] -> _12620_/D : -0.291625
[setup in-reg] cpu_addr[3] -> _12621_/D : -0.291625
[setup in-reg] cpu_addr[3] -> _12622_/D : -0.291625
[setup in-reg] cpu_addr[3] -> _12623_/D : -0.291625
[setup in-reg] cpu_addr[3] -> _12624_/D : -0.291625
[setup in-reg] cpu_addr[3] -> _12625_/D : -0.291625
[setup in-reg] cpu_addr[3] -> _12626_/D : -0.291625
[setup in-reg] cpu_addr[3] -> _12627_/D : -0.291625
[setup in-reg] cpu_addr[3] -> _12628_/D : -0.291625
[setup in-reg] cpu_addr[3] -> _12629_/D : -0.291625
[setup in-reg] cpu_addr[3] -> _12630_/D : -0.291625
[setup in-reg] cpu_addr[3] -> _12631_/D : -0.291625
[setup in-reg] cpu_addr[3] -> _12632_/D : -0.291625
[setup in-reg] cpu_addr[3] -> _12633_/D : -0.291625
[setup in-reg] cpu_addr[3] -> _12634_/D : -0.291625
[setup in-reg] cpu_addr[3] -> _12635_/D : -0.291625
[setup in-reg] cpu_addr[3] -> _12636_/D : -0.291625
[setup in-reg] cpu_addr[3] -> _12637_/D : -0.291625
[setup in-reg] cpu_addr[3] -> _12638_/D : -0.291625
[setup in-reg] cpu_addr[3] -> _12639_/D : -0.291625
[setup in-reg] cpu_addr[3] -> _12640_/D : -0.291625
[setup in-reg] cpu_addr[3] -> _12641_/D : -0.291625
[setup in-reg] cpu_addr[3] -> _12642_/D : -0.291625
[setup in-reg] cpu_addr[3] -> _12643_/D : -0.291625
[setup in-reg] cpu_addr[3] -> _12644_/D : -0.291625
[setup in-reg] cpu_addr[3] -> _12645_/D : -0.291625
[setup in-reg] cpu_addr[3] -> _12646_/D : -0.291625
[setup in-reg] cpu_addr[3] -> _12647_/D : -0.291625
[setup in-reg] cpu_addr[3] -> _12648_/D : -0.291625
[setup in-reg] cpu_addr[3] -> _12649_/D : -0.291625
[setup in-reg] cpu_addr[3] -> _12650_/D : -0.291625
[setup in-reg] cpu_addr[3] -> _12651_/D : -0.291625
[setup in-reg] cpu_addr[3] -> _12652_/D : -0.291625
[setup in-reg] cpu_addr[3] -> _12653_/D : -0.291625
[setup in-reg] cpu_addr[3] -> _12654_/D : -0.291625
[setup in-reg] cpu_addr[3] -> _12655_/D : -0.291625
[setup in-reg] cpu_addr[3] -> _12656_/D : -0.291625
[setup in-reg] cpu_addr[3] -> _12657_/D : -0.291625
[setup in-reg] cpu_addr[3] -> _12658_/D : -0.291625
[setup in-reg] cpu_addr[3] -> _12659_/D : -0.291625
[setup in-reg] cpu_addr[3] -> _12660_/D : -0.291625
[setup in-reg] cpu_addr[3] -> _12661_/D : -0.291625
[setup in-reg] cpu_addr[3] -> _12662_/D : -0.291625
[setup in-reg] cpu_addr[3] -> _12663_/D : -0.291625
[setup in-reg] cpu_addr[3] -> _12664_/D : -0.291625
[setup in-reg] cpu_addr[3] -> _12665_/D : -0.291625
[setup in-reg] cpu_addr[3] -> _12666_/D : -0.291625
[setup in-reg] cpu_addr[3] -> _12667_/D : -0.291625
[setup in-reg] cpu_addr[3] -> _12668_/D : -0.291625
[setup in-reg] cpu_addr[3] -> _12669_/D : -0.291625
[setup in-reg] cpu_addr[3] -> _12670_/D : -0.291625
[setup in-reg] cpu_addr[3] -> _12671_/D : -0.291625
[setup in-reg] cpu_addr[3] -> _12672_/D : -0.291625
[setup in-reg] cpu_addr[3] -> _12673_/D : -0.291625
[setup in-reg] cpu_addr[3] -> _12674_/D : -0.291625
[setup in-reg] cpu_addr[3] -> _12675_/D : -0.291625
[setup in-reg] cpu_addr[3] -> _12676_/D : -0.291625
[setup in-reg] cpu_addr[3] -> _12677_/D : -0.291625
[setup in-reg] cpu_addr[3] -> _12678_/D : -0.291625
[setup in-reg] cpu_addr[3] -> _12679_/D : -0.291625
[setup in-reg] cpu_addr[3] -> _12680_/D : -0.291625
[setup in-reg] cpu_addr[3] -> _12681_/D : -0.291625
[setup in-reg] cpu_addr[4] -> _14496_/D : -0.282910
[setup in-reg] cpu_addr[4] -> _12168_/D : -0.281815
[setup in-reg] cpu_addr[4] -> _12169_/D : -0.281815
[setup in-reg] cpu_addr[4] -> _12170_/D : -0.281815
[setup in-reg] cpu_addr[4] -> _12171_/D : -0.281815
[setup in-reg] cpu_addr[4] -> _12172_/D : -0.281815
[setup in-reg] cpu_addr[4] -> _12173_/D : -0.281815
[setup in-reg] cpu_addr[4] -> _12174_/D : -0.281815
[setup in-reg] cpu_addr[4] -> _12175_/D : -0.281815
[setup in-reg] cpu_addr[4] -> _12176_/D : -0.281815
[setup in-reg] cpu_addr[4] -> _12177_/D : -0.281815
[setup in-reg] cpu_addr[4] -> _12178_/D : -0.281815
[setup in-reg] cpu_addr[4] -> _12179_/D : -0.281815
[setup in-reg] cpu_addr[4] -> _12180_/D : -0.281815
[setup in-reg] cpu_addr[4] -> _12181_/D : -0.281815
[setup in-reg] cpu_addr[4] -> _12182_/D : -0.281815
[setup in-reg] cpu_addr[4] -> _12183_/D : -0.281815
[setup in-reg] cpu_addr[4] -> _12184_/D : -0.281815
[setup in-reg] cpu_addr[4] -> _12185_/D : -0.281815
[setup in-reg] cpu_addr[4] -> _12186_/D : -0.281815
[setup in-reg] cpu_addr[4] -> _12187_/D : -0.281815
[setup in-reg] cpu_addr[4] -> _12188_/D : -0.281815
[setup in-reg] cpu_addr[4] -> _12189_/D : -0.281815
[setup in-reg] cpu_addr[4] -> _12190_/D : -0.281815
[setup in-reg] cpu_addr[4] -> _12191_/D : -0.281815
[setup in-reg] cpu_addr[4] -> _12192_/D : -0.281815
[setup in-reg] cpu_addr[3] -> _14494_/D : -0.242150
[setup in-reg] cpu_addr[3] -> _12143_/D : -0.241056
[setup in-reg] cpu_addr[3] -> _12144_/D : -0.241056
[setup in-reg] cpu_addr[3] -> _12145_/D : -0.241056
[setup in-reg] cpu_addr[3] -> _12146_/D : -0.241056
[setup in-reg] cpu_addr[3] -> _12147_/D : -0.241056
[setup in-reg] cpu_addr[3] -> _12148_/D : -0.241056
[setup in-reg] cpu_addr[3] -> _12149_/D : -0.241056
[setup in-reg] cpu_addr[3] -> _12150_/D : -0.241056
[setup in-reg] cpu_addr[3] -> _12151_/D : -0.241056
[setup in-reg] cpu_addr[3] -> _12152_/D : -0.241056
[setup in-reg] cpu_addr[3] -> _12153_/D : -0.241056
[setup in-reg] cpu_addr[3] -> _12154_/D : -0.241056
[setup in-reg] cpu_addr[3] -> _12155_/D : -0.241056
[setup in-reg] cpu_addr[3] -> _12156_/D : -0.241056
[setup in-reg] cpu_addr[3] -> _12157_/D : -0.241056
[setup in-reg] cpu_addr[3] -> _12158_/D : -0.241056
[setup in-reg] cpu_addr[3] -> _12159_/D : -0.241056
[setup in-reg] cpu_addr[3] -> _12160_/D : -0.241056
[setup in-reg] cpu_addr[3] -> _12161_/D : -0.241056
[setup in-reg] cpu_addr[3] -> _12162_/D : -0.241056
[setup in-reg] cpu_addr[3] -> _12163_/D : -0.241056
[setup in-reg] cpu_addr[3] -> _12164_/D : -0.241056
[setup in-reg] cpu_addr[3] -> _12165_/D : -0.241056
[setup in-reg] cpu_addr[3] -> _12166_/D : -0.241056
[setup in-reg] cpu_addr[3] -> _12167_/D : -0.241056
[setup in-reg] cpu_addr[3] -> _11484_/D : -0.184693
[setup in-reg] cpu_addr[3] -> _12896_/D : -0.175842
[setup in-reg] cpu_addr[3] -> _12897_/D : -0.175842
[setup in-reg] cpu_addr[3] -> _12898_/D : -0.175842
[setup in-reg] cpu_addr[3] -> _12899_/D : -0.175842
[setup in-reg] cpu_addr[3] -> _12900_/D : -0.175842
[setup in-reg] cpu_addr[3] -> _12901_/D : -0.175842
[setup in-reg] cpu_addr[3] -> _12902_/D : -0.175842
[setup in-reg] cpu_addr[3] -> _12903_/D : -0.175842
[setup in-reg] cpu_addr[3] -> _12904_/D : -0.175842
[setup in-reg] cpu_addr[3] -> _12905_/D : -0.175842
[setup in-reg] cpu_addr[3] -> _12906_/D : -0.175842
[setup in-reg] cpu_addr[3] -> _12907_/D : -0.175842
[setup in-reg] cpu_addr[3] -> _12908_/D : -0.175842
[setup in-reg] cpu_addr[3] -> _12909_/D : -0.175842
[setup in-reg] cpu_addr[3] -> _12910_/D : -0.175842
[setup in-reg] cpu_addr[3] -> _12911_/D : -0.175842
[setup in-reg] cpu_addr[3] -> _12912_/D : -0.175842
[setup in-reg] cpu_addr[3] -> _12913_/D : -0.175842
[setup in-reg] cpu_addr[3] -> _12914_/D : -0.175842
[setup in-reg] cpu_addr[3] -> _12915_/D : -0.175842
[setup in-reg] cpu_addr[3] -> _12916_/D : -0.175842
[setup in-reg] cpu_addr[3] -> _12917_/D : -0.175842
[setup in-reg] cpu_addr[3] -> _12918_/D : -0.175842
[setup in-reg] cpu_addr[3] -> _12919_/D : -0.175842
[setup in-reg] cpu_addr[3] -> _12920_/D : -0.175842
[setup in-reg] cpu_addr[3] -> _12921_/D : -0.175842
[setup in-reg] cpu_addr[3] -> _12922_/D : -0.175842
[setup in-reg] cpu_addr[3] -> _12923_/D : -0.175842
[setup in-reg] cpu_addr[3] -> _12924_/D : -0.175842
[setup in-reg] cpu_addr[3] -> _12925_/D : -0.175842
[setup in-reg] cpu_addr[3] -> _12926_/D : -0.175842
[setup in-reg] cpu_addr[3] -> _12927_/D : -0.175842
[setup in-reg] cpu_addr[3] -> _12928_/D : -0.175842
[setup in-reg] cpu_addr[3] -> _12929_/D : -0.175842
[setup in-reg] cpu_addr[3] -> _12930_/D : -0.175842
[setup in-reg] cpu_addr[3] -> _12931_/D : -0.175842
[setup in-reg] cpu_addr[3] -> _12932_/D : -0.175842
[setup in-reg] cpu_addr[3] -> _12933_/D : -0.175842
[setup in-reg] cpu_addr[3] -> _12934_/D : -0.175842
[setup in-reg] cpu_addr[3] -> _12935_/D : -0.175842
[setup in-reg] cpu_addr[3] -> _12936_/D : -0.175842
[setup in-reg] cpu_addr[3] -> _12937_/D : -0.175842
[setup in-reg] cpu_addr[3] -> _12938_/D : -0.175842
[setup in-reg] cpu_addr[3] -> _12939_/D : -0.175842
[setup in-reg] cpu_addr[3] -> _12940_/D : -0.175842
[setup in-reg] cpu_addr[3] -> _12941_/D : -0.175842
[setup in-reg] cpu_addr[3] -> _12942_/D : -0.175842
[setup in-reg] cpu_addr[3] -> _12943_/D : -0.175842
[setup in-reg] cpu_addr[3] -> _12944_/D : -0.175842
[setup in-reg] cpu_addr[3] -> _12945_/D : -0.175842
[setup in-reg] cpu_addr[3] -> _12946_/D : -0.175842
[setup in-reg] cpu_addr[3] -> _12947_/D : -0.175842
[setup in-reg] cpu_addr[3] -> _12948_/D : -0.175842
[setup in-reg] cpu_addr[3] -> _12949_/D : -0.175842
[setup in-reg] cpu_addr[3] -> _12950_/D : -0.175842
[setup in-reg] cpu_addr[3] -> _12951_/D : -0.175842
[setup in-reg] cpu_addr[3] -> _12952_/D : -0.175842
[setup in-reg] cpu_addr[3] -> _12953_/D : -0.175842
[setup in-reg] cpu_addr[3] -> _12954_/D : -0.175842
[setup in-reg] cpu_addr[3] -> _12955_/D : -0.175842
[setup in-reg] cpu_addr[3] -> _12956_/D : -0.175842
[setup in-reg] cpu_addr[3] -> _12957_/D : -0.175842
[setup in-reg] cpu_addr[3] -> _12958_/D : -0.175842
[setup in-reg] cpu_addr[3] -> _12959_/D : -0.175842
[setup in-reg] cpu_addr[4] -> _12382_/D : -0.159205
[setup in-reg] cpu_addr[4] -> _12383_/D : -0.159205
[setup in-reg] cpu_addr[4] -> _12384_/D : -0.159205
[setup in-reg] cpu_addr[4] -> _12385_/D : -0.159205
[setup in-reg] cpu_addr[4] -> _12386_/D : -0.159205
[setup in-reg] cpu_addr[4] -> _12387_/D : -0.159205
[setup in-reg] cpu_addr[4] -> _12388_/D : -0.159205
[setup in-reg] cpu_addr[4] -> _12389_/D : -0.159205
[setup in-reg] cpu_addr[4] -> _12390_/D : -0.159205
[setup in-reg] cpu_addr[4] -> _12391_/D : -0.159205
[setup in-reg] cpu_addr[4] -> _12392_/D : -0.159205
[setup in-reg] cpu_addr[4] -> _12393_/D : -0.159205
[setup in-reg] cpu_addr[4] -> _12394_/D : -0.159205
[setup in-reg] cpu_addr[4] -> _12395_/D : -0.159205
[setup in-reg] cpu_addr[4] -> _12396_/D : -0.159205
[setup in-reg] cpu_addr[4] -> _12397_/D : -0.159205
[setup in-reg] cpu_addr[4] -> _12398_/D : -0.159205
[setup in-reg] cpu_addr[4] -> _12399_/D : -0.159205
[setup in-reg] cpu_addr[4] -> _12400_/D : -0.159205
[setup in-reg] cpu_addr[4] -> _12401_/D : -0.159205
[setup in-reg] cpu_addr[4] -> _12402_/D : -0.159205
[setup in-reg] cpu_addr[4] -> _12403_/D : -0.159205
[setup in-reg] cpu_addr[4] -> _12404_/D : -0.159205
[setup in-reg] cpu_addr[4] -> _12405_/D : -0.159205
[setup in-reg] cpu_addr[4] -> _12406_/D : -0.159205
[setup in-reg] cpu_addr[4] -> _12407_/D : -0.159205
[setup in-reg] cpu_addr[4] -> _12408_/D : -0.159205
[setup in-reg] cpu_addr[4] -> _12409_/D : -0.159205
[setup in-reg] cpu_addr[4] -> _12410_/D : -0.159205
[setup in-reg] cpu_addr[4] -> _12411_/D : -0.159205
[setup in-reg] cpu_addr[4] -> _12412_/D : -0.159205
[setup in-reg] cpu_addr[4] -> _12413_/D : -0.159205
[setup in-reg] cpu_addr[4] -> _12414_/D : -0.159205
[setup in-reg] cpu_addr[4] -> _12415_/D : -0.159205
[setup in-reg] cpu_addr[4] -> _12416_/D : -0.159205
[setup in-reg] cpu_addr[4] -> _12417_/D : -0.159205
[setup in-reg] cpu_addr[4] -> _12418_/D : -0.159205
[setup in-reg] cpu_addr[4] -> _12419_/D : -0.159205
[setup in-reg] cpu_addr[4] -> _12420_/D : -0.159205
[setup in-reg] cpu_addr[4] -> _12421_/D : -0.159205
[setup in-reg] cpu_addr[4] -> _12422_/D : -0.159205
[setup in-reg] cpu_addr[4] -> _12423_/D : -0.159205
[setup in-reg] cpu_addr[4] -> _12424_/D : -0.159205
[setup in-reg] cpu_addr[4] -> _12425_/D : -0.159205
[setup in-reg] cpu_addr[4] -> _12426_/D : -0.159205
[setup in-reg] cpu_addr[4] -> _12427_/D : -0.159205
[setup in-reg] cpu_addr[4] -> _12428_/D : -0.159205
[setup in-reg] cpu_addr[4] -> _12429_/D : -0.159205
[setup in-reg] cpu_addr[4] -> _12430_/D : -0.159205
[setup in-reg] cpu_addr[4] -> _12431_/D : -0.159205
[setup in-reg] cpu_addr[4] -> _12432_/D : -0.159205
[setup in-reg] cpu_addr[4] -> _12433_/D : -0.159205
[setup in-reg] cpu_addr[4] -> _12434_/D : -0.159205
[setup in-reg] cpu_addr[4] -> _12435_/D : -0.159205
[setup in-reg] cpu_addr[4] -> _12436_/D : -0.159205
[setup in-reg] cpu_addr[4] -> _12437_/D : -0.159205
[setup in-reg] cpu_addr[4] -> _12438_/D : -0.159205
[setup in-reg] cpu_addr[4] -> _12439_/D : -0.159205
[setup in-reg] cpu_addr[4] -> _12440_/D : -0.159205
[setup in-reg] cpu_addr[4] -> _12441_/D : -0.159205
[setup in-reg] cpu_addr[4] -> _12442_/D : -0.159205
[setup in-reg] cpu_addr[4] -> _12443_/D : -0.159205
[setup in-reg] cpu_addr[4] -> _12444_/D : -0.159205
[setup in-reg] cpu_addr[4] -> _12445_/D : -0.159205
[setup in-reg] cpu_addr[3] -> _11488_/D : -0.141029
[setup in-reg] cpu_addr[3] -> _11500_/D : -0.067488
