
===========================================================================
 report_power
============================================================================
======================= min_tt_025C_1v80 Corner ===================================

Group                    Internal    Switching      Leakage        Total
                            Power        Power        Power        Power (Watts)
------------------------------------------------------------------------
Sequential           1.239976e-02 0.000000e+00 2.512382e-08 1.239979e-02  55.2%
Combinational        1.610922e-04 5.037782e-04 5.862301e-08 6.649290e-04   3.0%
Clock                4.581769e-03 4.799435e-03 2.295060e-08 9.381228e-03  41.8%
Macro                0.000000e+00 0.000000e+00 0.000000e+00 0.000000e+00   0.0%
Pad                  0.000000e+00 0.000000e+00 0.000000e+00 0.000000e+00   0.0%
------------------------------------------------------------------------
Total                1.714261e-02 5.303205e-03 1.066891e-07 2.244592e-02 100.0%
                            76.4%        23.6%         0.0%

