Clock: clk
Sources: clk 
Generated: no
Virtual: no
Propagated: no
Period: 10.000000

===========================================================================
report_clock_properties
============================================================================
Clock                   Period          Waveform
----------------------------------------------------
clk                  10.000000    0.000000  5.000000

===========================================================================
report_clock_latency
============================================================================
Clock clk
rise -> rise
    min     max
0.000000 0.000000 source latency
14.245280         network latency _11385_/CLK
        14.245280 network latency _11385_/CLK
---------------
14.245280 14.245280 latency
        0.000000 skew

fall -> fall
    min     max
0.000000 0.000000 source latency
6.020603         network latency _11385_/CLK
        6.020603 network latency _11385_/CLK
---------------
6.020603 6.020603 latency
        0.000000 skew



===========================================================================
report_clock_min_period
============================================================================
clk period_min = 4.30 fmax = 232.74
