
===========================================================================
Violator List
============================================================================
[setup in-reg] cpu_addr[4] -> _11478_/D : -1.402357
[setup in-reg] cpu_addr[4] -> _11496_/D : -1.402357
[setup in-reg] cpu_addr[4] -> _12196_/D : -1.402357
[setup in-reg] cpu_addr[4] -> _12200_/D : -1.402357
[setup in-reg] cpu_addr[4] -> _12201_/D : -1.402357
[setup in-reg] cpu_addr[4] -> _12202_/D : -1.402357
[setup in-reg] cpu_addr[4] -> _12204_/D : -1.402357
[setup in-reg] cpu_addr[4] -> _12206_/D : -1.402357
[setup in-reg] cpu_addr[4] -> _12208_/D : -1.402357
[setup in-reg] cpu_addr[4] -> _12211_/D : -1.402357
[setup in-reg] cpu_addr[4] -> _12212_/D : -1.402357
[setup in-reg] cpu_addr[4] -> _12216_/D : -1.402357
[setup in-reg] cpu_addr[4] -> _12217_/D : -1.402357
[setup in-reg] cpu_addr[4] -> _12218_/D : -1.402357
[setup in-reg] cpu_addr[4] -> _12222_/D : -1.402357
[setup in-reg] cpu_addr[4] -> _12223_/D : -1.402357
[setup in-reg] cpu_addr[4] -> _12224_/D : -1.402357
[setup in-reg] cpu_addr[4] -> _12228_/D : -1.402357
[setup in-reg] cpu_addr[4] -> _12232_/D : -1.402357
[setup in-reg] cpu_addr[4] -> _12233_/D : -1.402357
[setup in-reg] cpu_addr[4] -> _12234_/D : -1.402357
[setup in-reg] cpu_addr[4] -> _12236_/D : -1.402357
[setup in-reg] cpu_addr[4] -> _12238_/D : -1.402357
[setup in-reg] cpu_addr[4] -> _12240_/D : -1.402357
[setup in-reg] cpu_addr[4] -> _12318_/D : -1.402357
[setup in-reg] cpu_addr[4] -> _12319_/D : -1.402357
[setup in-reg] cpu_addr[4] -> _12323_/D : -1.402357
[setup in-reg] cpu_addr[4] -> _12324_/D : -1.402357
[setup in-reg] cpu_addr[4] -> _12325_/D : -1.402357
[setup in-reg] cpu_addr[4] -> _12329_/D : -1.402357
[setup in-reg] cpu_addr[4] -> _12330_/D : -1.402357
[setup in-reg] cpu_addr[4] -> _12331_/D : -1.402357
[setup in-reg] cpu_addr[4] -> _12335_/D : -1.402357
[setup in-reg] cpu_addr[4] -> _12339_/D : -1.402357
[setup in-reg] cpu_addr[4] -> _12340_/D : -1.402357
[setup in-reg] cpu_addr[4] -> _12341_/D : -1.402357
[setup in-reg] cpu_addr[4] -> _12343_/D : -1.402357
[setup in-reg] cpu_addr[4] -> _12345_/D : -1.402357
[setup in-reg] cpu_addr[4] -> _12347_/D : -1.402357
[setup in-reg] cpu_addr[4] -> _12350_/D : -1.402357
[setup in-reg] cpu_addr[4] -> _12351_/D : -1.402357
[setup in-reg] cpu_addr[4] -> _12355_/D : -1.402357
[setup in-reg] cpu_addr[4] -> _12356_/D : -1.402357
[setup in-reg] cpu_addr[4] -> _12357_/D : -1.402357
[setup in-reg] cpu_addr[4] -> _12361_/D : -1.402357
[setup in-reg] cpu_addr[4] -> _12362_/D : -1.402357
[setup in-reg] cpu_addr[4] -> _12363_/D : -1.402357
[setup in-reg] cpu_addr[4] -> _12367_/D : -1.402357
[setup in-reg] cpu_addr[4] -> _12371_/D : -1.402357
[setup in-reg] cpu_addr[4] -> _12372_/D : -1.402357
[setup in-reg] cpu_addr[4] -> _12373_/D : -1.402357
[setup in-reg] cpu_addr[4] -> _12375_/D : -1.402357
[setup in-reg] cpu_addr[4] -> _12377_/D : -1.402357
[setup in-reg] cpu_addr[4] -> _12379_/D : -1.402357
[setup in-reg] cpu_addr[4] -> _13163_/D : -1.402357
[setup in-reg] cpu_addr[4] -> _13164_/D : -1.402357
[setup in-reg] cpu_addr[4] -> _13168_/D : -1.402357
[setup in-reg] cpu_addr[4] -> _13169_/D : -1.402357
[setup in-reg] cpu_addr[4] -> _13170_/D : -1.402357
[setup in-reg] cpu_addr[4] -> _13174_/D : -1.402357
[setup in-reg] cpu_addr[4] -> _13175_/D : -1.402357
[setup in-reg] cpu_addr[4] -> _13176_/D : -1.402357
[setup in-reg] cpu_addr[4] -> _13180_/D : -1.402357
[setup in-reg] cpu_addr[4] -> _13184_/D : -1.402357
[setup in-reg] cpu_addr[4] -> _13185_/D : -1.402357
[setup in-reg] cpu_addr[4] -> _13186_/D : -1.402357
[setup in-reg] cpu_addr[4] -> _13188_/D : -1.402357
[setup in-reg] cpu_addr[4] -> _13190_/D : -1.402357
[setup in-reg] cpu_addr[4] -> _13192_/D : -1.402357
[setup in-reg] cpu_addr[4] -> _13195_/D : -1.402357
[setup in-reg] cpu_addr[4] -> _13196_/D : -1.402357
[setup in-reg] cpu_addr[4] -> _13200_/D : -1.402357
[setup in-reg] cpu_addr[4] -> _13201_/D : -1.402357
[setup in-reg] cpu_addr[4] -> _13202_/D : -1.402357
[setup in-reg] cpu_addr[4] -> _13206_/D : -1.402357
[setup in-reg] cpu_addr[4] -> _13207_/D : -1.402357
[setup in-reg] cpu_addr[4] -> _13208_/D : -1.402357
[setup in-reg] cpu_addr[4] -> _13212_/D : -1.402357
[setup in-reg] cpu_addr[4] -> _13216_/D : -1.402357
[setup in-reg] cpu_addr[4] -> _13217_/D : -1.402357
[setup in-reg] cpu_addr[4] -> _13218_/D : -1.402357
[setup in-reg] cpu_addr[4] -> _13220_/D : -1.402357
[setup in-reg] cpu_addr[4] -> _13222_/D : -1.402357
[setup in-reg] cpu_addr[4] -> _13224_/D : -1.402357
[setup in-reg] cpu_addr[4] -> _13495_/D : -1.402357
[setup in-reg] cpu_addr[4] -> _14497_/D : -1.402357
[setup in-reg] cpu_addr[4] -> _12193_/D : -1.402226
[setup in-reg] cpu_addr[4] -> _12194_/D : -1.402226
[setup in-reg] cpu_addr[4] -> _12195_/D : -1.402226
[setup in-reg] cpu_addr[4] -> _12197_/D : -1.402226
[setup in-reg] cpu_addr[4] -> _12198_/D : -1.402226
[setup in-reg] cpu_addr[4] -> _12199_/D : -1.402226
[setup in-reg] cpu_addr[4] -> _12203_/D : -1.402226
[setup in-reg] cpu_addr[4] -> _12205_/D : -1.402226
[setup in-reg] cpu_addr[4] -> _12207_/D : -1.402226
[setup in-reg] cpu_addr[4] -> _12209_/D : -1.402226
[setup in-reg] cpu_addr[4] -> _12210_/D : -1.402226
[setup in-reg] cpu_addr[4] -> _12213_/D : -1.402226
[setup in-reg] cpu_addr[4] -> _12214_/D : -1.402226
[setup in-reg] cpu_addr[4] -> _12215_/D : -1.402226
[setup in-reg] cpu_addr[4] -> _12219_/D : -1.402226
[setup in-reg] cpu_addr[4] -> _12220_/D : -1.402226
[setup in-reg] cpu_addr[4] -> _12221_/D : -1.402226
[setup in-reg] cpu_addr[4] -> _12225_/D : -1.402226
[setup in-reg] cpu_addr[4] -> _12226_/D : -1.402226
[setup in-reg] cpu_addr[4] -> _12227_/D : -1.402226
[setup in-reg] cpu_addr[4] -> _12229_/D : -1.402226
[setup in-reg] cpu_addr[4] -> _12230_/D : -1.402226
[setup in-reg] cpu_addr[4] -> _12231_/D : -1.402226
[setup in-reg] cpu_addr[4] -> _12235_/D : -1.402226
[setup in-reg] cpu_addr[4] -> _12237_/D : -1.402226
[setup in-reg] cpu_addr[4] -> _12239_/D : -1.402226
[setup in-reg] cpu_addr[4] -> _12241_/D : -1.402226
[setup in-reg] cpu_addr[4] -> _12242_/D : -1.402226
[setup in-reg] cpu_addr[4] -> _12320_/D : -1.402226
[setup in-reg] cpu_addr[4] -> _12321_/D : -1.402226
[setup in-reg] cpu_addr[4] -> _12322_/D : -1.402226
[setup in-reg] cpu_addr[4] -> _12326_/D : -1.402226
[setup in-reg] cpu_addr[4] -> _12327_/D : -1.402226
[setup in-reg] cpu_addr[4] -> _12328_/D : -1.402226
[setup in-reg] cpu_addr[4] -> _12332_/D : -1.402226
[setup in-reg] cpu_addr[4] -> _12333_/D : -1.402226
[setup in-reg] cpu_addr[4] -> _12334_/D : -1.402226
[setup in-reg] cpu_addr[4] -> _12336_/D : -1.402226
[setup in-reg] cpu_addr[4] -> _12337_/D : -1.402226
[setup in-reg] cpu_addr[4] -> _12338_/D : -1.402226
[setup in-reg] cpu_addr[4] -> _12342_/D : -1.402226
[setup in-reg] cpu_addr[4] -> _12344_/D : -1.402226
[setup in-reg] cpu_addr[4] -> _12346_/D : -1.402226
[setup in-reg] cpu_addr[4] -> _12348_/D : -1.402226
[setup in-reg] cpu_addr[4] -> _12349_/D : -1.402226
[setup in-reg] cpu_addr[4] -> _12352_/D : -1.402226
[setup in-reg] cpu_addr[4] -> _12353_/D : -1.402226
[setup in-reg] cpu_addr[4] -> _12354_/D : -1.402226
[setup in-reg] cpu_addr[4] -> _12358_/D : -1.402226
[setup in-reg] cpu_addr[4] -> _12359_/D : -1.402226
[setup in-reg] cpu_addr[4] -> _12360_/D : -1.402226
[setup in-reg] cpu_addr[4] -> _12364_/D : -1.402226
[setup in-reg] cpu_addr[4] -> _12365_/D : -1.402226
[setup in-reg] cpu_addr[4] -> _12366_/D : -1.402226
[setup in-reg] cpu_addr[4] -> _12368_/D : -1.402226
[setup in-reg] cpu_addr[4] -> _12369_/D : -1.402226
[setup in-reg] cpu_addr[4] -> _12370_/D : -1.402226
[setup in-reg] cpu_addr[4] -> _12374_/D : -1.402226
[setup in-reg] cpu_addr[4] -> _12376_/D : -1.402226
[setup in-reg] cpu_addr[4] -> _12378_/D : -1.402226
[setup in-reg] cpu_addr[4] -> _12380_/D : -1.402226
[setup in-reg] cpu_addr[4] -> _12381_/D : -1.402226
[setup in-reg] cpu_addr[4] -> _13165_/D : -1.402226
[setup in-reg] cpu_addr[4] -> _13166_/D : -1.402226
[setup in-reg] cpu_addr[4] -> _13167_/D : -1.402226
[setup in-reg] cpu_addr[4] -> _13171_/D : -1.402226
[setup in-reg] cpu_addr[4] -> _13172_/D : -1.402226
[setup in-reg] cpu_addr[4] -> _13173_/D : -1.402226
[setup in-reg] cpu_addr[4] -> _13177_/D : -1.402226
[setup in-reg] cpu_addr[4] -> _13178_/D : -1.402226
[setup in-reg] cpu_addr[4] -> _13179_/D : -1.402226
[setup in-reg] cpu_addr[4] -> _13181_/D : -1.402226
[setup in-reg] cpu_addr[4] -> _13182_/D : -1.402226
[setup in-reg] cpu_addr[4] -> _13183_/D : -1.402226
[setup in-reg] cpu_addr[4] -> _13187_/D : -1.402226
[setup in-reg] cpu_addr[4] -> _13189_/D : -1.402226
[setup in-reg] cpu_addr[4] -> _13191_/D : -1.402226
[setup in-reg] cpu_addr[4] -> _13193_/D : -1.402226
[setup in-reg] cpu_addr[4] -> _13194_/D : -1.402226
[setup in-reg] cpu_addr[4] -> _13197_/D : -1.402226
[setup in-reg] cpu_addr[4] -> _13198_/D : -1.402226
[setup in-reg] cpu_addr[4] -> _13199_/D : -1.402226
[setup in-reg] cpu_addr[4] -> _13203_/D : -1.402226
[setup in-reg] cpu_addr[4] -> _13204_/D : -1.402226
[setup in-reg] cpu_addr[4] -> _13205_/D : -1.402226
[setup in-reg] cpu_addr[4] -> _13209_/D : -1.402226
[setup in-reg] cpu_addr[4] -> _13210_/D : -1.402226
[setup in-reg] cpu_addr[4] -> _13211_/D : -1.402226
[setup in-reg] cpu_addr[4] -> _13213_/D : -1.402226
[setup in-reg] cpu_addr[4] -> _13214_/D : -1.402226
[setup in-reg] cpu_addr[4] -> _13215_/D : -1.402226
[setup in-reg] cpu_addr[4] -> _13219_/D : -1.402226
[setup in-reg] cpu_addr[4] -> _13221_/D : -1.402226
[setup in-reg] cpu_addr[4] -> _13223_/D : -1.402226
[setup in-reg] cpu_addr[4] -> _13225_/D : -1.402226
[setup in-reg] cpu_addr[4] -> _13226_/D : -1.402226
[setup in-reg] cpu_addr[4] -> _14499_/D : -1.402226
