Clock: clk
Sources: clk 
Generated: no
Virtual: yes
Propagated: no
Period: 10.000000

===========================================================================
report_clock_properties
============================================================================
Clock                   Period          Waveform
----------------------------------------------------
clk                  10.000000    0.000000  5.000000

===========================================================================
report_clock_latency
============================================================================
Clock clk
rise -> rise
    min     max
0.000000 0.000000 source latency
1.061902         network latency _12218_/CLK
        1.273670 network latency _11568_/CLK
---------------
1.061902 1.273670 latency
        0.211768 skew

fall -> fall
    min     max
0.000000 0.000000 source latency
0.854874         network latency _12218_/CLK
        1.051377 network latency _11568_/CLK
---------------
0.854874 1.051377 latency
        0.196503 skew



===========================================================================
report_clock_min_period
============================================================================
clk period_min = 5.42 fmax = 184.54
