
===========================================================================
 report_power
============================================================================
======================= nom_tt_025C_1v80 Corner ===================================

Group                    Internal    Switching      Leakage        Total
                            Power        Power        Power        Power (Watts)
------------------------------------------------------------------------
Sequential           1.240062e-02 0.000000e+00 2.512382e-08 1.240065e-02  54.7%
Combinational        1.608431e-04 5.398112e-04 5.862301e-08 7.007129e-04   3.1%
Clock                4.584397e-03 4.982523e-03 2.295060e-08 9.566943e-03  42.2%
Macro                0.000000e+00 0.000000e+00 0.000000e+00 0.000000e+00   0.0%
Pad                  0.000000e+00 0.000000e+00 0.000000e+00 0.000000e+00   0.0%
------------------------------------------------------------------------
Total                1.714587e-02 5.522336e-03 1.066891e-07 2.266831e-02 100.0%
                            75.6%        24.4%         0.0%

