Clock: clk
Sources: clk 
Generated: no
Virtual: yes
Propagated: no
Period: 10.000000

===========================================================================
report_clock_properties
============================================================================
Clock                   Period          Waveform
----------------------------------------------------
clk                  10.000000    0.000000  5.000000

===========================================================================
report_clock_latency
============================================================================
Clock clk
rise -> rise
    min     max
0.000000 0.000000 source latency
0.691206         network latency _12218_/CLK
        0.834168 network latency _11568_/CLK
---------------
0.691206 0.834168 latency
        0.142962 skew

fall -> fall
    min     max
0.000000 0.000000 source latency
0.565079         network latency _12218_/CLK
        0.698253 network latency _11568_/CLK
---------------
0.565079 0.698253 latency
        0.133174 skew



===========================================================================
report_clock_min_period
============================================================================
clk period_min = 3.41 fmax = 293.14
