
===========================================================================
 report_power
============================================================================
======================= min_ff_n40C_1v95 Corner ===================================

Group                    Internal    Switching      Leakage        Total
                            Power        Power        Power        Power (Watts)
------------------------------------------------------------------------
Sequential           1.440618e-02 0.000000e+00 4.507826e-08 1.440623e-02  55.1%
Combinational        1.827435e-04 5.957556e-04 1.393726e-07 7.786384e-04   3.0%
Clock                5.228945e-03 5.714763e-03 4.031619e-08 1.094375e-02  41.9%
Macro                0.000000e+00 0.000000e+00 0.000000e+00 0.000000e+00   0.0%
Pad                  0.000000e+00 0.000000e+00 0.000000e+00 0.000000e+00   0.0%
------------------------------------------------------------------------
Total                1.981789e-02 6.310516e-03 2.247778e-07 2.612864e-02 100.0%
                            75.8%        24.2%         0.0%

