Clock: clk
Sources: clk 
Generated: no
Virtual: yes
Propagated: no
Period: 10.000000

===========================================================================
report_clock_properties
============================================================================
Clock                   Period          Waveform
----------------------------------------------------
clk                  10.000000    0.000000  5.000000

===========================================================================
report_clock_latency
============================================================================
Clock clk
rise -> rise
    min     max
0.000000 0.000000 source latency
22.838926         network latency _13178_/CLK
        23.287527 network latency _13965_/CLK
---------------
22.838926 23.287527 latency
        0.448601 skew

fall -> fall
    min     max
0.000000 0.000000 source latency
11.120669         network latency _13178_/CLK
        11.533895 network latency _13965_/CLK
---------------
11.120669 11.533895 latency
        0.413225 skew



===========================================================================
report_clock_min_period
============================================================================
clk period_min = 12.96 fmax = 77.15
