
===========================================================================
 report_power
============================================================================
======================= nom_tt_025C_1v80 Corner ===================================

Group                    Internal    Switching      Leakage        Total
                            Power        Power        Power        Power (Watts)
------------------------------------------------------------------------
Sequential           1.239877e-02 0.000000e+00 2.512018e-08 1.239879e-02  57.5%
Combinational        1.607155e-04 3.533304e-04 3.801232e-08 5.140839e-04   2.4%
Clock                4.570307e-03 4.064176e-03 5.054910e-09 8.634488e-03  40.1%
Macro                0.000000e+00 0.000000e+00 0.000000e+00 0.000000e+00   0.0%
Pad                  0.000000e+00 0.000000e+00 0.000000e+00 0.000000e+00   0.0%
------------------------------------------------------------------------
Total                1.712980e-02 4.417505e-03 6.819162e-08 2.154737e-02 100.0%
                            79.5%        20.5%         0.0%
Writing metric power__internal__total: 0.017129799351096153
Writing metric power__switching__total: 0.004417505115270615
Writing metric power__leakage__total: 6.819162479132501e-8
Writing metric power__total: 0.02154737338423729

