135. Printing statistics.

=== cache_controller ===

   Number of wires:               8741
   Number of wire bits:           9055
   Number of public wires:        3129
   Number of public wire bits:    3443
   Number of ports:                 14
   Number of port bits:            328
   Number of memories:               0
   Number of memory bits:            0
   Number of processes:              0
   Number of cells:               8890
     sky130_fd_sc_hd__a2111o_2       8
     sky130_fd_sc_hd__a211o_2        4
     sky130_fd_sc_hd__a21boi_2       1
     sky130_fd_sc_hd__a21o_2       100
     sky130_fd_sc_hd__a221o_2      757
     sky130_fd_sc_hd__a22o_2      1253
     sky130_fd_sc_hd__a31o_2         8
     sky130_fd_sc_hd__a31oi_2        1
     sky130_fd_sc_hd__and2_2        82
     sky130_fd_sc_hd__and2b_2       75
     sky130_fd_sc_hd__and3_2        26
     sky130_fd_sc_hd__and3b_2        2
     sky130_fd_sc_hd__dfrtp_2        5
     sky130_fd_sc_hd__dfstp_2        1
     sky130_fd_sc_hd__dfxtp_2     3111
     sky130_fd_sc_hd__inv_2         19
     sky130_fd_sc_hd__mux2_1      2962
     sky130_fd_sc_hd__nand2_2       24
     sky130_fd_sc_hd__nand2b_2      26
     sky130_fd_sc_hd__nor2_2        22
     sky130_fd_sc_hd__nor4_2         4
     sky130_fd_sc_hd__o21a_2        64
     sky130_fd_sc_hd__o21ai_2        3
     sky130_fd_sc_hd__o31a_2         4
     sky130_fd_sc_hd__o31ai_2        1
     sky130_fd_sc_hd__o41a_2         1
     sky130_fd_sc_hd__or2_2        212
     sky130_fd_sc_hd__or3_2         25
     sky130_fd_sc_hd__or3b_2         2
     sky130_fd_sc_hd__or4_2         55
     sky130_fd_sc_hd__or4b_2        14
     sky130_fd_sc_hd__xnor2_2        1
     sky130_fd_sc_hd__xor2_2        17

   Chip area for module '\cache_controller': 127083.132800
     of which used for sequential elements: 66329.865600 (52.19%)

