Clock: clk
Sources: clk 
Generated: no
Virtual: yes
Propagated: no
Period: 10.000000

===========================================================================
report_clock_properties
============================================================================
Clock                   Period          Waveform
----------------------------------------------------
clk                  10.000000    0.000000  5.000000

===========================================================================
report_clock_latency
============================================================================
Clock clk
rise -> rise
    min     max
0.000000 0.000000 source latency
0.763935         network latency _12218_/CLK
        0.916562 network latency _11568_/CLK
---------------
0.763935 0.916562 latency
        0.152627 skew

fall -> fall
    min     max
0.000000 0.000000 source latency
0.622814         network latency _12218_/CLK
        0.764293 network latency _11568_/CLK
---------------
0.622814 0.764293 latency
        0.141479 skew



===========================================================================
report_clock_min_period
============================================================================
clk period_min = 3.61 fmax = 277.31
