
===========================================================================
 report_power
============================================================================
======================= max_ff_n40C_1v95 Corner ===================================

Group                    Internal    Switching      Leakage        Total
                            Power        Power        Power        Power (Watts)
------------------------------------------------------------------------
Sequential           1.440215e-02 0.000000e+00 4.507826e-08 1.440220e-02  54.0%
Combinational        1.827472e-04 6.775779e-04 1.393726e-07 8.604645e-04   3.2%
Clock                5.234530e-03 6.162160e-03 4.031619e-08 1.139673e-02  42.7%
Macro                0.000000e+00 0.000000e+00 0.000000e+00 0.000000e+00   0.0%
Pad                  0.000000e+00 0.000000e+00 0.000000e+00 0.000000e+00   0.0%
------------------------------------------------------------------------
Total                1.981950e-02 6.839740e-03 2.247778e-07 2.665946e-02 100.0%
                            74.3%        25.7%         0.0%

