
===========================================================================
 report_power
============================================================================
======================= min_ss_100C_1v60 Corner ===================================

Group                    Internal    Switching      Leakage        Total
                            Power        Power        Power        Power (Watts)
------------------------------------------------------------------------
Sequential           9.582162e-03 0.000000e+00 4.226593e-05 9.624428e-03  54.6%
Combinational        1.296471e-04 3.970386e-04 6.673937e-05 5.934251e-04   3.4%
Clock                3.757264e-03 3.659555e-03 5.927965e-06 7.422747e-03  42.1%
Macro                0.000000e+00 0.000000e+00 0.000000e+00 0.000000e+00   0.0%
Pad                  0.000000e+00 0.000000e+00 0.000000e+00 0.000000e+00   0.0%
------------------------------------------------------------------------
Total                1.346907e-02 4.056594e-03 1.149304e-04 1.764060e-02 100.0%
                            76.4%        23.0%         0.7%

