┏━━━━━━━━━━━━━━━━━━━━━━┳━━━━━━━━━━┳━━━━━━━━━━┳━━━━━━━━━━┳━━━━━━━━━━┳━━━━━━━━━━━┳━━━━━━━━━━┳━━━━━━━━━━━┳━━━━━━━━━━┳━━━━━━━━━━━┳━━━━━━━━━━┳━━━━━━━━━━━┳━━━━━━━━━━┓
┃                      ┃ Hold     ┃ Reg to   ┃          ┃          ┃ of which  ┃ Setup    ┃           ┃          ┃           ┃ of which ┃           ┃          ┃
┃                      ┃ Worst    ┃ Reg      ┃          ┃ Hold Vio ┃ reg to    ┃ Worst    ┃ Reg to    ┃ Setup    ┃ Setup Vio ┃ reg to   ┃ Max Cap   ┃ Max Slew ┃
┃ Corner/Group         ┃ Slack    ┃ Paths    ┃ Hold TNS ┃ Count    ┃ reg       ┃ Slack    ┃ Reg Paths ┃ TNS      ┃ Count     ┃ reg      ┃ Violatio… ┃ Violati… ┃
┡━━━━━━━━━━━━━━━━━━━━━━╇━━━━━━━━━━╇━━━━━━━━━━╇━━━━━━━━━━╇━━━━━━━━━━╇━━━━━━━━━━━╇━━━━━━━━━━╇━━━━━━━━━━━╇━━━━━━━━━━╇━━━━━━━━━━━╇━━━━━━━━━━╇━━━━━━━━━━━╇━━━━━━━━━━┩
│ Overall              │ 0.0306   │ 0.0306   │ 0.0000   │ 0        │ 0         │ -20.6702 │ N/A       │ -17529.… │ 4437      │ 0        │ 43        │ 7217     │
│ nom_tt_025C_1v80     │ 0.1853   │ 0.1853   │ 0.0000   │ 0        │ 0         │ -7.8157  │ N/A       │ -1890.2… │ 1086      │ 0        │ 43        │ 6806     │
│ nom_ss_100C_1v60     │ 0.6257   │ 0.6257   │ 0.0000   │ 0        │ 0         │ -20.6702 │ N/A       │ -17529.… │ 3168      │ 0        │ 43        │ 7217     │
│ nom_ff_n40C_1v95     │ 0.0306   │ 0.0306   │ 0.0000   │ 0        │ 0         │ -1.4024  │ N/A       │ -256.61… │ 183       │ 0        │ 43        │ 6412     │
└──────────────────────┴──────────┴──────────┴──────────┴──────────┴───────────┴──────────┴───────────┴──────────┴───────────┴──────────┴───────────┴──────────┘
