
===========================================================================
 report_power
============================================================================
======================= nom_tt_025C_1v80 Corner ===================================

Group                    Internal    Switching      Leakage        Total
                            Power        Power        Power        Power (Watts)
------------------------------------------------------------------------
Sequential           1.239866e-02 0.000000e+00 2.512382e-08 1.239868e-02  57.5%
Combinational        1.616244e-04 3.548303e-04 5.862301e-08 5.165133e-04   2.4%
Clock                4.570473e-03 4.070994e-03 5.054910e-09 8.641471e-03  40.1%
Macro                0.000000e+00 0.000000e+00 0.000000e+00 0.000000e+00   0.0%
Pad                  0.000000e+00 0.000000e+00 0.000000e+00 0.000000e+00   0.0%
------------------------------------------------------------------------
Total                1.713076e-02 4.425825e-03 8.879554e-08 2.155667e-02 100.0%
                            79.5%        20.5%         0.0%
Writing metric power__internal__total: 0.017130758613348007
Writing metric power__switching__total: 0.004425825085490942
Writing metric power__leakage__total: 8.879553803353701e-8
Writing metric power__total: 0.0215566735714674

