Clock: clk
Sources: clk 
Generated: no
Virtual: no
Propagated: no
Period: 10.000000

===========================================================================
report_clock_properties
============================================================================
Clock                   Period          Waveform
----------------------------------------------------
clk                  10.000000    0.000000  5.000000

===========================================================================
report_clock_latency
============================================================================
Clock clk
rise -> rise
    min     max
0.000000 0.000000 source latency
26.539970         network latency _11385_/CLK
        26.539970 network latency _11385_/CLK
---------------
26.539970 26.539970 latency
        0.000000 skew

fall -> fall
    min     max
0.000000 0.000000 source latency
14.898548         network latency _11385_/CLK
        14.898548 network latency _11385_/CLK
---------------
14.898548 14.898548 latency
        0.000000 skew



===========================================================================
report_clock_min_period
============================================================================
clk period_min = 13.72 fmax = 72.91
