Clock: clk
Sources: clk 
Generated: no
Virtual: yes
Propagated: no
Period: 10.000000

===========================================================================
report_clock_properties
============================================================================
Clock                   Period          Waveform
----------------------------------------------------
clk                  10.000000    0.000000  5.000000

===========================================================================
report_clock_latency
============================================================================
Clock clk
rise -> rise
    min     max
0.000000 0.000000 source latency
0.792887         network latency _12218_/CLK
        0.997527 network latency _11568_/CLK
---------------
0.792887 0.997527 latency
        0.204640 skew

fall -> fall
    min     max
0.000000 0.000000 source latency
0.673694         network latency _12218_/CLK
        0.864749 network latency _11568_/CLK
---------------
0.673694 0.864749 latency
        0.191054 skew



===========================================================================
report_clock_min_period
============================================================================
clk period_min = 4.75 fmax = 210.61
